============================= test session starts =============================
platform win32 -- Python 3.12.10, pytest-9.0.2, pluggy-1.6.0 -- C:\Users\shilo\Documents\GitHub\Gred-Repo-Orchestrator\venv_test\Scripts\python.exe
cachedir: .pytest_cache
rootdir: C:\Users\shilo\Documents\GitHub\Gred-Repo-Orchestrator
configfile: pytest.ini
plugins: anyio-4.12.1, asyncio-1.3.0, cov-7.0.0
asyncio: mode=Mode.STRICT, debug=False, asyncio_default_fixture_loop_scope=None, asyncio_default_test_loop_scope=function
collecting ... collected 131 items

tests/unit/test_config.py::test_token_creation PASSED                    [  0%]
tests/unit/test_config.py::test_token_from_env PASSED                    [  1%]
tests/unit/test_config.py::test_token_from_file PASSED                   [  2%]
tests/unit/test_config.py::test_token_file_read_error PASSED             [  3%]
tests/unit/test_file_service.py::test_tail_audit_lines_missing PASSED    [  3%]
tests/unit/test_file_service.py::test_tail_audit_lines_success PASSED    [  4%]
tests/unit/test_file_service.py::test_tail_audit_lines_error PASSED      [  5%]
tests/unit/test_file_service.py::test_get_file_content PASSED            [  6%]
tests/unit/test_file_service.py::test_get_file_content_truncated_lines PASSED [  6%]
tests/unit/test_file_service.py::test_get_file_content_truncated_bytes PASSED [  7%]
tests/unit/test_git_service.py::test_get_diff_success PASSED             [  8%]
tests/unit/test_git_service.py::test_get_diff_git_error PASSED           [  9%]
tests/unit/test_git_service.py::test_get_diff_exception PASSED           [  9%]
tests/unit/test_git_service.py::test_list_repos PASSED                   [ 10%]
tests/unit/test_git_service.py::test_list_repos_not_exists PASSED        [ 11%]
tests/unit/test_main.py::test_panic_catcher_middleware PASSED            [ 12%]
tests/unit/test_main.py::test_panic_catcher_middleware ERROR             [ 12%]
tests/unit/test_main.py::test_panic_mode_check_middleware PASSED         [ 12%]
tests/unit/test_main.py::test_panic_mode_check_middleware ERROR          [ 12%]
tests/unit/test_main.py::test_allow_options_preflight PASSED             [ 13%]
tests/unit/test_main.py::test_allow_options_preflight ERROR              [ 13%]
tests/unit/test_main.py::test_lifespan_events FAILED                     [ 14%]
tests/unit/test_main.py::test_lifespan_base_dir_missing PASSED           [ 15%]
tests/unit/test_main.py::test_root_route FAILED                          [ 16%]
tests/unit/test_main.py::test_snapshot_cleanup_loop_exit PASSED          [ 16%]
tests/unit/test_main.py::test_lifespan_cleanup_task_cancelled_error_propagates FAILED [ 17%]
tests/unit/test_probe_ports.py::test_probe_ports_handles_open_port PASSED [ 18%]
tests/unit/test_probe_ports.py::test_probe_ports_swallows_socket_errors PASSED [ 19%]
tests/unit/test_repo_service.py::test_list_repos PASSED                  [ 19%]
tests/unit/test_repo_service.py::test_ensure_repo_registry PASSED        [ 20%]
tests/unit/test_repo_service.py::test_vitaminize_repo PASSED             [ 21%]
tests/unit/test_repo_service.py::test_walk_tree PASSED                   [ 22%]
tests/unit/test_repo_service.py::test_perform_search PASSED              [ 22%]
tests/unit/test_repo_service.py::test_search_in_file_error PASSED        [ 23%]
tests/unit/test_repo_service.py::test_should_skip_dir PASSED             [ 24%]
tests/unit/test_routes.py::test_get_status PASSED                        [ 25%]
tests/unit/test_routes.py::test_get_status ERROR                         [ 25%]
tests/unit/test_routes.py::test_get_ui_status PASSED                     [ 25%]
tests/unit/test_routes.py::test_get_ui_status ERROR                      [ 25%]
tests/unit/test_routes.py::test_get_ui_audit PASSED                      [ 26%]
tests/unit/test_routes.py::test_get_ui_audit ERROR                       [ 26%]
tests/unit/test_routes.py::test_get_ui_allowlist PASSED                  [ 27%]
tests/unit/test_routes.py::test_get_ui_allowlist ERROR                   [ 27%]
tests/unit/test_routes.py::test_list_repos PASSED                        [ 28%]
tests/unit/test_routes.py::test_list_repos ERROR                         [ 28%]
tests/unit/test_routes.py::test_get_active_repo PASSED                   [ 29%]
tests/unit/test_routes.py::test_get_active_repo ERROR                    [ 29%]
tests/unit/test_routes.py::test_open_repo_success PASSED                 [ 29%]
tests/unit/test_routes.py::test_open_repo_success ERROR                  [ 29%]
tests/unit/test_routes.py::test_open_repo_fail_outside PASSED            [ 30%]
tests/unit/test_routes.py::test_open_repo_fail_outside ERROR             [ 30%]
tests/unit/test_routes.py::test_open_repo_fail_not_found PASSED          [ 31%]
tests/unit/test_routes.py::test_open_repo_fail_not_found ERROR           [ 31%]
tests/unit/test_routes.py::test_select_repo_success PASSED               [ 32%]
tests/unit/test_routes.py::test_select_repo_success ERROR                [ 32%]
tests/unit/test_routes.py::test_select_repo_fail_outside PASSED          [ 32%]
tests/unit/test_routes.py::test_select_repo_fail_outside ERROR           [ 32%]
tests/unit/test_routes.py::test_select_repo_fail_not_found PASSED        [ 33%]
tests/unit/test_routes.py::test_select_repo_fail_not_found ERROR         [ 33%]
tests/unit/test_routes.py::test_get_security_events PASSED               [ 34%]
tests/unit/test_routes.py::test_get_security_events ERROR                [ 34%]
tests/unit/test_routes.py::test_security_resolve_success PASSED          [ 35%]
tests/unit/test_routes.py::test_security_resolve_success ERROR           [ 35%]
tests/unit/test_routes.py::test_security_resolve_invalid PASSED          [ 35%]
tests/unit/test_routes.py::test_security_resolve_invalid ERROR           [ 35%]
tests/unit/test_routes.py::test_get_service_status PASSED                [ 36%]
tests/unit/test_routes.py::test_get_service_status ERROR                 [ 36%]
tests/unit/test_routes.py::test_service_restart_success PASSED           [ 37%]
tests/unit/test_routes.py::test_service_restart_success ERROR            [ 37%]
tests/unit/test_routes.py::test_service_restart_fail PASSED              [ 38%]
tests/unit/test_routes.py::test_service_restart_fail ERROR               [ 38%]
tests/unit/test_routes.py::test_service_stop_success PASSED              [ 38%]
tests/unit/test_routes.py::test_service_stop_success ERROR               [ 38%]
tests/unit/test_routes.py::test_service_stop_fail PASSED                 [ 39%]
tests/unit/test_routes.py::test_service_stop_fail ERROR                  [ 39%]
tests/unit/test_routes.py::test_vitaminize_repo_success PASSED           [ 40%]
tests/unit/test_routes.py::test_vitaminize_repo_success ERROR            [ 40%]
tests/unit/test_routes.py::test_vitaminize_repo_fail_outside PASSED      [ 41%]
tests/unit/test_routes.py::test_vitaminize_repo_fail_outside ERROR       [ 41%]
tests/unit/test_routes.py::test_vitaminize_repo_fail_not_found PASSED    [ 41%]
tests/unit/test_routes.py::test_vitaminize_repo_fail_not_found ERROR     [ 41%]
tests/unit/test_routes.py::test_get_tree_success PASSED                  [ 42%]
tests/unit/test_routes.py::test_get_tree_success ERROR                   [ 42%]
tests/unit/test_routes.py::test_get_tree_allowlist_branch PASSED         [ 43%]
tests/unit/test_routes.py::test_get_tree_allowlist_branch ERROR          [ 43%]
tests/unit/test_routes.py::test_get_tree_not_dir PASSED                  [ 44%]
tests/unit/test_routes.py::test_get_tree_not_dir ERROR                   [ 44%]
tests/unit/test_routes.py::test_get_file_success PASSED                  [ 45%]
tests/unit/test_routes.py::test_get_file_success ERROR                   [ 45%]
tests/unit/test_routes.py::test_get_file_too_large PASSED                [ 45%]
tests/unit/test_routes.py::test_get_file_too_large ERROR                 [ 45%]
tests/unit/test_routes.py::test_get_file_not_file PASSED                 [ 46%]
tests/unit/test_routes.py::test_get_file_not_file ERROR                  [ 46%]
tests/unit/test_routes.py::test_get_file_exception PASSED                [ 47%]
tests/unit/test_routes.py::test_get_file_exception ERROR                 [ 47%]
tests/unit/test_routes.py::test_search PASSED                            [ 48%]
tests/unit/test_routes.py::test_search ERROR                             [ 48%]
tests/unit/test_routes.py::test_diff_success PASSED                      [ 48%]
tests/unit/test_routes.py::test_diff_success ERROR                       [ 48%]
tests/unit/test_routes.py::test_diff_truncated PASSED                    [ 49%]
tests/unit/test_routes.py::test_diff_truncated ERROR                     [ 49%]
tests/unit/test_routes.py::test_diff_error PASSED                        [ 50%]
tests/unit/test_routes.py::test_diff_error ERROR                         [ 50%]
tests/unit/test_security_core.py::test_verify_token_success PASSED       [ 51%]
tests/unit/test_security_core.py::test_verify_token_too_short PASSED     [ 51%]
tests/unit/test_security_core.py::test_verify_token_empty PASSED         [ 52%]
tests/unit/test_security_core.py::test_verify_token_missing PASSED       [ 53%]
tests/unit/test_security_core.py::test_verify_token_invalid_trigger_panic PASSED [ 54%]
tests/unit/test_security_core.py::test_verify_token_invalid_trigger_panic_no_events PASSED [ 54%]
tests/unit/test_security_core.py::test_rate_limit PASSED                 [ 55%]
tests/unit/test_security_core.py::test_check_rate_limit_no_client PASSED [ 56%]
tests/unit/test_security_core.py::test_audit_log PASSED                  [ 57%]
tests/unit/test_security_core.py::test_redact_sensitive_data PASSED      [ 58%]
tests/unit/test_security_core.py::test_log_panic PASSED                  [ 58%]
tests/unit/test_security_core.py::test_log_panic_exception PASSED        [ 59%]
tests/unit/test_security_core.py::test_get_safe_actor PASSED             [ 60%]
tests/unit/test_security_core.py::test_load_json_db_exists PASSED        [ 61%]
tests/unit/test_security_core.py::test_load_json_db_factory PASSED       [ 61%]
tests/unit/test_security_core.py::test_load_json_db_corrupt PASSED       [ 62%]
tests/unit/test_security_core.py::test_save_security_db PASSED           [ 63%]
tests/unit/test_security_validation.py::test_load_repo_registry_missing PASSED [ 64%]
tests/unit/test_security_validation.py::test_save_repo_registry PASSED   [ 64%]
tests/unit/test_security_validation.py::test_get_active_repo_dir_fallback PASSED [ 65%]
tests/unit/test_security_validation.py::test_get_active_repo_dir_exists PASSED [ 66%]
tests/unit/test_security_validation.py::test_normalize_path_null_byte PASSED [ 67%]
tests/unit/test_security_validation.py::test_normalize_path_reserved PASSED [ 67%]
tests/unit/test_security_validation.py::test_normalize_path_absolute_outside PASSED [ 68%]
tests/unit/test_security_validation.py::test_normalize_path_valid PASSED [ 69%]
tests/unit/test_security_validation.py::test_normalize_path_exception PASSED [ 70%]
tests/unit/test_security_validation.py::test_validate_path_success PASSED [ 70%]
tests/unit/test_security_validation.py::test_validate_path_denied PASSED [ 71%]
tests/unit/test_security_validation.py::test_get_allowed_paths_none PASSED [ 72%]
tests/unit/test_security_validation.py::test_get_allowed_paths_success PASSED [ 73%]
tests/unit/test_security_validation.py::test_get_allowed_paths_expired PASSED [ 74%]
tests/unit/test_security_validation.py::test_get_allowed_paths_error PASSED [ 74%]
tests/unit/test_security_validation.py::test_serialize_allowlist PASSED  [ 75%]
tests/unit/test_services_remaining.py::test_tail_audit_lines_missing PASSED [ 76%]
tests/unit/test_services_remaining.py::test_tail_audit_lines_success PASSED [ 77%]
tests/unit/test_services_remaining.py::test_tail_audit_lines_exception PASSED [ 77%]
tests/unit/test_services_remaining.py::test_get_file_content_complex PASSED [ 78%]
tests/unit/test_services_remaining.py::test_get_file_content_redaction PASSED [ 79%]
tests/unit/test_services_remaining.py::test_get_file_content_byte_truncation PASSED [ 80%]
tests/unit/test_services_remaining.py::test_git_get_diff_success PASSED  [ 80%]
tests/unit/test_services_remaining.py::test_git_get_diff_error PASSED    [ 81%]
tests/unit/test_services_remaining.py::test_git_get_diff_exception PASSED [ 82%]
tests/unit/test_services_remaining.py::test_git_list_repos_success PASSED [ 83%]
tests/unit/test_services_remaining.py::test_snapshot_ensure_dir PASSED   [ 83%]
tests/unit/test_services_remaining.py::test_snapshot_create PASSED       [ 84%]
tests/unit/test_services_remaining.py::test_snapshot_secure_delete_success PASSED [ 85%]
tests/unit/test_services_remaining.py::test_snapshot_secure_delete_error PASSED [ 86%]
tests/unit/test_services_remaining.py::test_snapshot_secure_delete_total_fail PASSED [ 87%]
tests/unit/test_services_remaining.py::test_snapshot_cleanup_no_dir PASSED [ 87%]
tests/unit/test_services_remaining.py::test_snapshot_cleanup_success PASSED [ 88%]
tests/unit/test_system_service.py::test_get_status_headless PASSED       [ 89%]
tests/unit/test_system_service.py::test_get_status_running PASSED        [ 90%]
tests/unit/test_system_service.py::test_get_status_stopped PASSED        [ 90%]
tests/unit/test_system_service.py::test_get_status_timeout PASSED        [ 91%]
tests/unit/test_system_service.py::test_get_status_exception PASSED      [ 92%]
tests/unit/test_system_service.py::test_get_status_no_state PASSED       [ 93%]
tests/unit/test_system_service.py::test_restart_headless PASSED          [ 93%]
tests/unit/test_system_service.py::test_restart_success PASSED           [ 94%]
tests/unit/test_system_service.py::test_restart_failure PASSED           [ 95%]
tests/unit/test_system_service.py::test_stop_headless PASSED             [ 96%]
tests/unit/test_system_service.py::test_stop_success PASSED              [ 96%]
tests/unit/test_system_service.py::test_stop_failure PASSED              [ 97%]
tests/unit/test_verify_llm_config.py::test_build_payload_uses_expected_constants PASSED [ 98%]
tests/unit/test_verify_llm_config.py::test_log_speed_branches PASSED     [ 99%]
tests/unit/test_verify_llm_config.py::test_handle_success_logs_structured_output PASSED [100%]

=================================== ERRORS ====================================
_____________ ERROR at teardown of test_panic_catcher_middleware ______________
tests\unit\test_main.py:16: in auth_client
    with TestClient(app) as client:
         ^^^^^^^^^^^^^^^
venv_test\Lib\site-packages\starlette\testclient.py:699: in __exit__
    self.exit_stack.close()
C:\Program Files\WindowsApps\PythonSoftwareFoundation.Python.3.12_3.12.2800.0_x64__qbz5n2kfra8p0\Lib\contextlib.py:618: in close
    self.__exit__(None, None, None)
C:\Program Files\WindowsApps\PythonSoftwareFoundation.Python.3.12_3.12.2800.0_x64__qbz5n2kfra8p0\Lib\contextlib.py:610: in __exit__
    raise exc_details[1]
C:\Program Files\WindowsApps\PythonSoftwareFoundation.Python.3.12_3.12.2800.0_x64__qbz5n2kfra8p0\Lib\contextlib.py:595: in __exit__
    if cb(*exc_details):
       ^^^^^^^^^^^^^^^^
C:\Program Files\WindowsApps\PythonSoftwareFoundation.Python.3.12_3.12.2800.0_x64__qbz5n2kfra8p0\Lib\contextlib.py:478: in _exit_wrapper
    callback(*args, **kwds)
venv_test\Lib\site-packages\starlette\testclient.py:692: in wait_shutdown
    portal.call(self.wait_shutdown)
venv_test\Lib\site-packages\anyio\from_thread.py:334: in call
    return cast(T_Retval, self.start_task_soon(func, *args).result())
                          ^^^^^^^^^^^^^^^^^^^^^^^^^^^^^^^^^^^^^^^^^^
C:\Program Files\WindowsApps\PythonSoftwareFoundation.Python.3.12_3.12.2800.0_x64__qbz5n2kfra8p0\Lib\concurrent\futures\_base.py:456: in result
    return self.__get_result()
           ^^^^^^^^^^^^^^^^^^^
C:\Program Files\WindowsApps\PythonSoftwareFoundation.Python.3.12_3.12.2800.0_x64__qbz5n2kfra8p0\Lib\concurrent\futures\_base.py:401: in __get_result
    raise self._exception
venv_test\Lib\site-packages\anyio\from_thread.py:259: in _call_func
    retval = await retval_or_awaitable
             ^^^^^^^^^^^^^^^^^^^^^^^^^
venv_test\Lib\site-packages\starlette\testclient.py:739: in wait_shutdown
    await receive()
venv_test\Lib\site-packages\starlette\testclient.py:729: in receive
    self.task.result()
C:\Program Files\WindowsApps\PythonSoftwareFoundation.Python.3.12_3.12.2800.0_x64__qbz5n2kfra8p0\Lib\concurrent\futures\_base.py:447: in result
    raise CancelledError()
E   concurrent.futures._base.CancelledError
----------------------------- Captured log setup ------------------------------
INFO     orchestrator:main.py:35 Starting Repo Orchestrator...
------------------------------ Captured log call ------------------------------
CRITICAL root:audit.py:53 PANIC | ID:6f60af38-ab4f-499a-ab3c-0190097e85f3 | HASH:empty | REASON:critical fail | ACTOR:anonymous
ERROR    root:audit.py:56 PANIC_TRACE [6f60af38-ab4f-499a-ab3c-0190097e85f3]:
  + Exception Group Traceback (most recent call last):
  |   File "C:\Users\shilo\Documents\GitHub\Gred-Repo-Orchestrator\venv_test\Lib\site-packages\starlette\_utils.py", line 79, in collapse_excgroups
  |     yield
  |   File "C:\Users\shilo\Documents\GitHub\Gred-Repo-Orchestrator\venv_test\Lib\site-packages\starlette\middleware\base.py", line 192, in __call__
  |     async with anyio.create_task_group() as task_group:
  |                ^^^^^^^^^^^^^^^^^^^^^^^^^
  |   File "C:\Users\shilo\Documents\GitHub\Gred-Repo-Orchestrator\venv_test\Lib\site-packages\anyio\_backends\_asyncio.py", line 783, in __aexit__
  |     raise BaseExceptionGroup(
  | ExceptionGroup: unhandled errors in a TaskGroup (1 sub-exception)
  +-+---------------- 1 ----------------
    | Traceback (most recent call last):
    |   File "C:\Users\shilo\Documents\GitHub\Gred-Repo-Orchestrator\tools\repo_orchestrator\main.py", line 130, in panic_catcher
    |     return await call_next(request)
    |            ^^^^^^^^^^^^^^^^^^^^^^^^
    |   File "C:\Users\shilo\Documents\GitHub\Gred-Repo-Orchestrator\venv_test\Lib\site-packages\starlette\middleware\base.py", line 168, in call_next
    |     raise app_exc from app_exc.__cause__ or app_exc.__context__
    |   File "C:\Users\shilo\Documents\GitHub\Gred-Repo-Orchestrator\venv_test\Lib\site-packages\starlette\middleware\base.py", line 144, in coro
    |     await self.app(scope, receive_or_disconnect, send_no_error)
    |   File "C:\Users\shilo\Documents\GitHub\Gred-Repo-Orchestrator\venv_test\Lib\site-packages\starlette\middleware\base.py", line 191, in __call__
    |     with recv_stream, send_stream, collapse_excgroups():
    |                                    ^^^^^^^^^^^^^^^^^^^^
    |   File "C:\Program Files\WindowsApps\PythonSoftwareFoundation.Python.3.12_3.12.2800.0_x64__qbz5n2kfra8p0\Lib\contextlib.py", line 158, in __exit__
    |     self.gen.throw(value)
    |   File "C:\Users\shilo\Documents\GitHub\Gred-Repo-Orchestrator\venv_test\Lib\site-packages\starlette\_utils.py", line 85, in collapse_excgroups
    |     raise exc
    |   File "C:\Users\shilo\Documents\GitHub\Gred-Repo-Orchestrator\venv_test\Lib\site-packages\starlette\middleware\base.py", line 193, in __call__
    |     response = await self.dispatch_func(request, call_next)
    |                ^^^^^^^^^^^^^^^^^^^^^^^^^^^^^^^^^^^^^^^^^^^^
    |   File "C:\Users\shilo\Documents\GitHub\Gred-Repo-Orchestrator\tools\repo_orchestrator\main.py", line 117, in allow_options_preflight
    |     response = await call_next(request)
    |                ^^^^^^^^^^^^^^^^^^^^^^^^
    |   File "C:\Users\shilo\Documents\GitHub\Gred-Repo-Orchestrator\venv_test\Lib\site-packages\starlette\middleware\base.py", line 168, in call_next
    |     raise app_exc from app_exc.__cause__ or app_exc.__context__
    |   File "C:\Users\shilo\Documents\GitHub\Gred-Repo-Orchestrator\venv_test\Lib\site-packages\starlette\middleware\base.py", line 144, in coro
    |     await self.app(scope, receive_or_disconnect, send_no_error)
    |   File "C:\Users\shilo\Documents\GitHub\Gred-Repo-Orchestrator\venv_test\Lib\site-packages\starlette\middleware\base.py", line 191, in __call__
    |     with recv_stream, send_stream, collapse_excgroups():
    |                                    ^^^^^^^^^^^^^^^^^^^^
    |   File "C:\Program Files\WindowsApps\PythonSoftwareFoundation.Python.3.12_3.12.2800.0_x64__qbz5n2kfra8p0\Lib\contextlib.py", line 158, in __exit__
    |     self.gen.throw(value)
    |   File "C:\Users\shilo\Documents\GitHub\Gred-Repo-Orchestrator\venv_test\Lib\site-packages\starlette\_utils.py", line 85, in collapse_excgroups
    |     raise exc
    |   File "C:\Users\shilo\Documents\GitHub\Gred-Repo-Orchestrator\venv_test\Lib\site-packages\starlette\middleware\base.py", line 193, in __call__
    |     response = await self.dispatch_func(request, call_next)
    |                ^^^^^^^^^^^^^^^^^^^^^^^^^^^^^^^^^^^^^^^^^^^^
    |   File "C:\Users\shilo\Documents\GitHub\Gred-Repo-Orchestrator\tools\repo_orchestrator\main.py", line 99, in panic_mode_check
    |     return await call_next(request)
    |            ^^^^^^^^^^^^^^^^^^^^^^^^
    |   File "C:\Users\shilo\Documents\GitHub\Gred-Repo-Orchestrator\venv_test\Lib\site-packages\starlette\middleware\base.py", line 168, in call_next
    |     raise app_exc from app_exc.__cause__ or app_exc.__context__
    |   File "C:\Users\shilo\Documents\GitHub\Gred-Repo-Orchestrator\venv_test\Lib\site-packages\starlette\middleware\base.py", line 144, in coro
    |     await self.app(scope, receive_or_disconnect, send_no_error)
    |   File "C:\Users\shilo\Documents\GitHub\Gred-Repo-Orchestrator\venv_test\Lib\site-packages\starlette\middleware\exceptions.py", line 63, in __call__
    |     await wrap_app_handling_exceptions(self.app, conn)(scope, receive, send)
    |   File "C:\Users\shilo\Documents\GitHub\Gred-Repo-Orchestrator\venv_test\Lib\site-packages\starlette\_exception_handler.py", line 53, in wrapped_app
    |     raise exc
    |   File "C:\Users\shilo\Documents\GitHub\Gred-Repo-Orchestrator\venv_test\Lib\site-packages\starlette\_exception_handler.py", line 42, in wrapped_app
    |     await app(scope, receive, sender)
    |   File "C:\Users\shilo\Documents\GitHub\Gred-Repo-Orchestrator\venv_test\Lib\site-packages\fastapi\middleware\asyncexitstack.py", line 18, in __call__
    |     await self.app(scope, receive, send)
    |   File "C:\Users\shilo\Documents\GitHub\Gred-Repo-Orchestrator\venv_test\Lib\site-packages\starlette\routing.py", line 716, in __call__
    |     await self.middleware_stack(scope, receive, send)
    |   File "C:\Users\shilo\Documents\GitHub\Gred-Repo-Orchestrator\venv_test\Lib\site-packages\starlette\routing.py", line 736, in app
    |     await route.handle(scope, receive, send)
    |   File "C:\Users\shilo\Documents\GitHub\Gred-Repo-Orchestrator\venv_test\Lib\site-packages\starlette\routing.py", line 290, in handle
    |     await self.app(scope, receive, send)
    |   File "C:\Users\shilo\Documents\GitHub\Gred-Repo-Orchestrator\venv_test\Lib\site-packages\fastapi\routing.py", line 115, in app
    |     await wrap_app_handling_exceptions(app, request)(scope, receive, send)
    |   File "C:\Users\shilo\Documents\GitHub\Gred-Repo-Orchestrator\venv_test\Lib\site-packages\starlette\_exception_handler.py", line 53, in wrapped_app
    |     raise exc
    |   File "C:\Users\shilo\Documents\GitHub\Gred-Repo-Orchestrator\venv_test\Lib\site-packages\starlette\_exception_handler.py", line 42, in wrapped_app
    |     await app(scope, receive, sender)
    |   File "C:\Users\shilo\Documents\GitHub\Gred-Repo-Orchestrator\venv_test\Lib\site-packages\fastapi\routing.py", line 101, in app
    |     response = await f(request)
    |                ^^^^^^^^^^^^^^^^
    |   File "C:\Users\shilo\Documents\GitHub\Gred-Repo-Orchestrator\venv_test\Lib\site-packages\fastapi\routing.py", line 355, in app
    |     raw_response = await run_endpoint_function(
    |                    ^^^^^^^^^^^^^^^^^^^^^^^^^^^^
    |   File "C:\Users\shilo\Documents\GitHub\Gred-Repo-Orchestrator\venv_test\Lib\site-packages\fastapi\routing.py", line 245, in run_endpoint_function
    |     return await run_in_threadpool(dependant.call, **values)
    |            ^^^^^^^^^^^^^^^^^^^^^^^^^^^^^^^^^^^^^^^^^^^^^^^^^
    |   File "C:\Users\shilo\Documents\GitHub\Gred-Repo-Orchestrator\venv_test\Lib\site-packages\starlette\concurrency.py", line 32, in run_in_threadpool
    |     return await anyio.to_thread.run_sync(func)
    |            ^^^^^^^^^^^^^^^^^^^^^^^^^^^^^^^^^^^^
    |   File "C:\Users\shilo\Documents\GitHub\Gred-Repo-Orchestrator\venv_test\Lib\site-packages\anyio\to_thread.py", line 63, in run_sync
    |     return await get_async_backend().run_sync_in_worker_thread(
    |            ^^^^^^^^^^^^^^^^^^^^^^^^^^^^^^^^^^^^^^^^^^^^^^^^^^^^
    |   File "C:\Users\shilo\Documents\GitHub\Gred-Repo-Orchestrator\venv_test\Lib\site-packages\anyio\_backends\_asyncio.py", line 2502, in run_sync_in_worker_thread
    |     return await future
    |            ^^^^^^^^^^^^
    |   File "C:\Users\shilo\Documents\GitHub\Gred-Repo-Orchestrator\venv_test\Lib\site-packages\anyio\_backends\_asyncio.py", line 986, in run
    |     result = context.run(func, *args)
    |              ^^^^^^^^^^^^^^^^^^^^^^^^
    |   File "C:\Users\shilo\Documents\GitHub\Gred-Repo-Orchestrator\tools\repo_orchestrator\routes.py", line 50, in get_ui_status_handler
    |     base_dir = get_active_repo_dir()
    |                ^^^^^^^^^^^^^^^^^^^^^
    |   File "C:\Program Files\WindowsApps\PythonSoftwareFoundation.Python.3.12_3.12.2800.0_x64__qbz5n2kfra8p0\Lib\unittest\mock.py", line 1139, in __call__
    |     return self._mock_call(*args, **kwargs)
    |            ^^^^^^^^^^^^^^^^^^^^^^^^^^^^^^^^
    |   File "C:\Program Files\WindowsApps\PythonSoftwareFoundation.Python.3.12_3.12.2800.0_x64__qbz5n2kfra8p0\Lib\unittest\mock.py", line 1143, in _mock_call
    |     return self._execute_mock_call(*args, **kwargs)
    |            ^^^^^^^^^^^^^^^^^^^^^^^^^^^^^^^^^^^^^^^^
    |   File "C:\Program Files\WindowsApps\PythonSoftwareFoundation.Python.3.12_3.12.2800.0_x64__qbz5n2kfra8p0\Lib\unittest\mock.py", line 1198, in _execute_mock_call
    |     raise effect
    | RuntimeError: critical fail
    +------------------------------------

The above exception was the direct cause of the following exception:

Traceback (most recent call last):
  File "C:\Users\shilo\Documents\GitHub\Gred-Repo-Orchestrator\tools\repo_orchestrator\main.py", line 130, in panic_catcher
    return await call_next(request)
           ^^^^^^^^^^^^^^^^^^^^^^^^
  File "C:\Users\shilo\Documents\GitHub\Gred-Repo-Orchestrator\venv_test\Lib\site-packages\starlette\middleware\base.py", line 168, in call_next
    raise app_exc from app_exc.__cause__ or app_exc.__context__
  File "C:\Users\shilo\Documents\GitHub\Gred-Repo-Orchestrator\venv_test\Lib\site-packages\starlette\middleware\base.py", line 144, in coro
    await self.app(scope, receive_or_disconnect, send_no_error)
  File "C:\Users\shilo\Documents\GitHub\Gred-Repo-Orchestrator\venv_test\Lib\site-packages\starlette\middleware\base.py", line 191, in __call__
    with recv_stream, send_stream, collapse_excgroups():
                                   ^^^^^^^^^^^^^^^^^^^^
  File "C:\Program Files\WindowsApps\PythonSoftwareFoundation.Python.3.12_3.12.2800.0_x64__qbz5n2kfra8p0\Lib\contextlib.py", line 158, in __exit__
    self.gen.throw(value)
  File "C:\Users\shilo\Documents\GitHub\Gred-Repo-Orchestrator\venv_test\Lib\site-packages\starlette\_utils.py", line 85, in collapse_excgroups
    raise exc
  File "C:\Users\shilo\Documents\GitHub\Gred-Repo-Orchestrator\venv_test\Lib\site-packages\starlette\middleware\base.py", line 193, in __call__
    response = await self.dispatch_func(request, call_next)
               ^^^^^^^^^^^^^^^^^^^^^^^^^^^^^^^^^^^^^^^^^^^^
  File "C:\Users\shilo\Documents\GitHub\Gred-Repo-Orchestrator\tools\repo_orchestrator\main.py", line 117, in allow_options_preflight
    response = await call_next(request)
               ^^^^^^^^^^^^^^^^^^^^^^^^
  File "C:\Users\shilo\Documents\GitHub\Gred-Repo-Orchestrator\venv_test\Lib\site-packages\starlette\middleware\base.py", line 168, in call_next
    raise app_exc from app_exc.__cause__ or app_exc.__context__
  File "C:\Users\shilo\Documents\GitHub\Gred-Repo-Orchestrator\venv_test\Lib\site-packages\starlette\middleware\base.py", line 144, in coro
    await self.app(scope, receive_or_disconnect, send_no_error)
  File "C:\Users\shilo\Documents\GitHub\Gred-Repo-Orchestrator\venv_test\Lib\site-packages\starlette\middleware\base.py", line 191, in __call__
    with recv_stream, send_stream, collapse_excgroups():
                                   ^^^^^^^^^^^^^^^^^^^^
  File "C:\Program Files\WindowsApps\PythonSoftwareFoundation.Python.3.12_3.12.2800.0_x64__qbz5n2kfra8p0\Lib\contextlib.py", line 158, in __exit__
    self.gen.throw(value)
  File "C:\Users\shilo\Documents\GitHub\Gred-Repo-Orchestrator\venv_test\Lib\site-packages\starlette\_utils.py", line 85, in collapse_excgroups
    raise exc
  File "C:\Users\shilo\Documents\GitHub\Gred-Repo-Orchestrator\venv_test\Lib\site-packages\starlette\middleware\base.py", line 193, in __call__
    response = await self.dispatch_func(request, call_next)
               ^^^^^^^^^^^^^^^^^^^^^^^^^^^^^^^^^^^^^^^^^^^^
  File "C:\Users\shilo\Documents\GitHub\Gred-Repo-Orchestrator\tools\repo_orchestrator\main.py", line 99, in panic_mode_check
    return await call_next(request)
           ^^^^^^^^^^^^^^^^^^^^^^^^
  File "C:\Users\shilo\Documents\GitHub\Gred-Repo-Orchestrator\venv_test\Lib\site-packages\starlette\middleware\base.py", line 168, in call_next
    raise app_exc from app_exc.__cause__ or app_exc.__context__
  File "C:\Users\shilo\Documents\GitHub\Gred-Repo-Orchestrator\venv_test\Lib\site-packages\starlette\middleware\base.py", line 144, in coro
    await self.app(scope, receive_or_disconnect, send_no_error)
  File "C:\Users\shilo\Documents\GitHub\Gred-Repo-Orchestrator\venv_test\Lib\site-packages\starlette\middleware\exceptions.py", line 63, in __call__
    await wrap_app_handling_exceptions(self.app, conn)(scope, receive, send)
  File "C:\Users\shilo\Documents\GitHub\Gred-Repo-Orchestrator\venv_test\Lib\site-packages\starlette\_exception_handler.py", line 53, in wrapped_app
    raise exc
  File "C:\Users\shilo\Documents\GitHub\Gred-Repo-Orchestrator\venv_test\Lib\site-packages\starlette\_exception_handler.py", line 42, in wrapped_app
    await app(scope, receive, sender)
  File "C:\Users\shilo\Documents\GitHub\Gred-Repo-Orchestrator\venv_test\Lib\site-packages\fastapi\middleware\asyncexitstack.py", line 18, in __call__
    await self.app(scope, receive, send)
  File "C:\Users\shilo\Documents\GitHub\Gred-Repo-Orchestrator\venv_test\Lib\site-packages\starlette\routing.py", line 716, in __call__
    await self.middleware_stack(scope, receive, send)
  File "C:\Users\shilo\Documents\GitHub\Gred-Repo-Orchestrator\venv_test\Lib\site-packages\starlette\routing.py", line 736, in app
    await route.handle(scope, receive, send)
  File "C:\Users\shilo\Documents\GitHub\Gred-Repo-Orchestrator\venv_test\Lib\site-packages\starlette\routing.py", line 290, in handle
    await self.app(scope, receive, send)
  File "C:\Users\shilo\Documents\GitHub\Gred-Repo-Orchestrator\venv_test\Lib\site-packages\fastapi\routing.py", line 115, in app
    await wrap_app_handling_exceptions(app, request)(scope, receive, send)
  File "C:\Users\shilo\Documents\GitHub\Gred-Repo-Orchestrator\venv_test\Lib\site-packages\starlette\_exception_handler.py", line 53, in wrapped_app
    raise exc
  File "C:\Users\shilo\Documents\GitHub\Gred-Repo-Orchestrator\venv_test\Lib\site-packages\starlette\_exception_handler.py", line 42, in wrapped_app
    await app(scope, receive, sender)
  File "C:\Users\shilo\Documents\GitHub\Gred-Repo-Orchestrator\venv_test\Lib\site-packages\fastapi\routing.py", line 101, in app
    response = await f(request)
               ^^^^^^^^^^^^^^^^
  File "C:\Users\shilo\Documents\GitHub\Gred-Repo-Orchestrator\venv_test\Lib\site-packages\fastapi\routing.py", line 355, in app
    raw_response = await run_endpoint_function(
                   ^^^^^^^^^^^^^^^^^^^^^^^^^^^^
  File "C:\Users\shilo\Documents\GitHub\Gred-Repo-Orchestrator\venv_test\Lib\site-packages\fastapi\routing.py", line 245, in run_endpoint_function
    return await run_in_threadpool(dependant.call, **values)
           ^^^^^^^^^^^^^^^^^^^^^^^^^^^^^^^^^^^^^^^^^^^^^^^^^
  File "C:\Users\shilo\Documents\GitHub\Gred-Repo-Orchestrator\venv_test\Lib\site-packages\starlette\concurrency.py", line 32, in run_in_threadpool
    return await anyio.to_thread.run_sync(func)
           ^^^^^^^^^^^^^^^^^^^^^^^^^^^^^^^^^^^^
  File "C:\Users\shilo\Documents\GitHub\Gred-Repo-Orchestrator\venv_test\Lib\site-packages\anyio\to_thread.py", line 63, in run_sync
    return await get_async_backend().run_sync_in_worker_thread(
           ^^^^^^^^^^^^^^^^^^^^^^^^^^^^^^^^^^^^^^^^^^^^^^^^^^^^
  File "C:\Users\shilo\Documents\GitHub\Gred-Repo-Orchestrator\venv_test\Lib\site-packages\anyio\_backends\_asyncio.py", line 2502, in run_sync_in_worker_thread
    return await future
           ^^^^^^^^^^^^
  File "C:\Users\shilo\Documents\GitHub\Gred-Repo-Orchestrator\venv_test\Lib\site-packages\anyio\_backends\_asyncio.py", line 986, in run
    result = context.run(func, *args)
             ^^^^^^^^^^^^^^^^^^^^^^^^
  File "C:\Users\shilo\Documents\GitHub\Gred-Repo-Orchestrator\tools\repo_orchestrator\routes.py", line 50, in get_ui_status_handler
    base_dir = get_active_repo_dir()
               ^^^^^^^^^^^^^^^^^^^^^
  File "C:\Program Files\WindowsApps\PythonSoftwareFoundation.Python.3.12_3.12.2800.0_x64__qbz5n2kfra8p0\Lib\unittest\mock.py", line 1139, in __call__
    return self._mock_call(*args, **kwargs)
           ^^^^^^^^^^^^^^^^^^^^^^^^^^^^^^^^
  File "C:\Program Files\WindowsApps\PythonSoftwareFoundation.Python.3.12_3.12.2800.0_x64__qbz5n2kfra8p0\Lib\unittest\mock.py", line 1143, in _mock_call
    return self._execute_mock_call(*args, **kwargs)
           ^^^^^^^^^^^^^^^^^^^^^^^^^^^^^^^^^^^^^^^^
  File "C:\Program Files\WindowsApps\PythonSoftwareFoundation.Python.3.12_3.12.2800.0_x64__qbz5n2kfra8p0\Lib\unittest\mock.py", line 1198, in _execute_mock_call
    raise effect
RuntimeError: critical fail

INFO     httpx:_client.py:1025 HTTP Request: GET http://testserver/ui/status "HTTP/1.1 500 Internal Server Error"
---------------------------- Captured log teardown ----------------------------
INFO     orchestrator:main.py:52 Shutting down Repo Orchestrator...
____________ ERROR at teardown of test_panic_mode_check_middleware ____________
tests\unit\test_main.py:16: in auth_client
    with TestClient(app) as client:
         ^^^^^^^^^^^^^^^
venv_test\Lib\site-packages\starlette\testclient.py:699: in __exit__
    self.exit_stack.close()
C:\Program Files\WindowsApps\PythonSoftwareFoundation.Python.3.12_3.12.2800.0_x64__qbz5n2kfra8p0\Lib\contextlib.py:618: in close
    self.__exit__(None, None, None)
C:\Program Files\WindowsApps\PythonSoftwareFoundation.Python.3.12_3.12.2800.0_x64__qbz5n2kfra8p0\Lib\contextlib.py:610: in __exit__
    raise exc_details[1]
C:\Program Files\WindowsApps\PythonSoftwareFoundation.Python.3.12_3.12.2800.0_x64__qbz5n2kfra8p0\Lib\contextlib.py:595: in __exit__
    if cb(*exc_details):
       ^^^^^^^^^^^^^^^^
C:\Program Files\WindowsApps\PythonSoftwareFoundation.Python.3.12_3.12.2800.0_x64__qbz5n2kfra8p0\Lib\contextlib.py:478: in _exit_wrapper
    callback(*args, **kwds)
venv_test\Lib\site-packages\starlette\testclient.py:692: in wait_shutdown
    portal.call(self.wait_shutdown)
venv_test\Lib\site-packages\anyio\from_thread.py:334: in call
    return cast(T_Retval, self.start_task_soon(func, *args).result())
                          ^^^^^^^^^^^^^^^^^^^^^^^^^^^^^^^^^^^^^^^^^^
C:\Program Files\WindowsApps\PythonSoftwareFoundation.Python.3.12_3.12.2800.0_x64__qbz5n2kfra8p0\Lib\concurrent\futures\_base.py:456: in result
    return self.__get_result()
           ^^^^^^^^^^^^^^^^^^^
C:\Program Files\WindowsApps\PythonSoftwareFoundation.Python.3.12_3.12.2800.0_x64__qbz5n2kfra8p0\Lib\concurrent\futures\_base.py:401: in __get_result
    raise self._exception
venv_test\Lib\site-packages\anyio\from_thread.py:259: in _call_func
    retval = await retval_or_awaitable
             ^^^^^^^^^^^^^^^^^^^^^^^^^
venv_test\Lib\site-packages\starlette\testclient.py:739: in wait_shutdown
    await receive()
venv_test\Lib\site-packages\starlette\testclient.py:729: in receive
    self.task.result()
C:\Program Files\WindowsApps\PythonSoftwareFoundation.Python.3.12_3.12.2800.0_x64__qbz5n2kfra8p0\Lib\concurrent\futures\_base.py:447: in result
    raise CancelledError()
E   concurrent.futures._base.CancelledError
----------------------------- Captured log setup ------------------------------
INFO     orchestrator:main.py:35 Starting Repo Orchestrator...
------------------------------ Captured log call ------------------------------
INFO     httpx:_client.py:1025 HTTP Request: GET http://testserver/ui/repos "HTTP/1.1 503 Service Unavailable"
INFO     httpx:_client.py:1025 HTTP Request: GET http://testserver/status "HTTP/1.1 503 Service Unavailable"
---------------------------- Captured log teardown ----------------------------
INFO     orchestrator:main.py:52 Shutting down Repo Orchestrator...
______________ ERROR at teardown of test_allow_options_preflight ______________
tests\unit\test_main.py:16: in auth_client
    with TestClient(app) as client:
         ^^^^^^^^^^^^^^^
venv_test\Lib\site-packages\starlette\testclient.py:699: in __exit__
    self.exit_stack.close()
C:\Program Files\WindowsApps\PythonSoftwareFoundation.Python.3.12_3.12.2800.0_x64__qbz5n2kfra8p0\Lib\contextlib.py:618: in close
    self.__exit__(None, None, None)
C:\Program Files\WindowsApps\PythonSoftwareFoundation.Python.3.12_3.12.2800.0_x64__qbz5n2kfra8p0\Lib\contextlib.py:610: in __exit__
    raise exc_details[1]
C:\Program Files\WindowsApps\PythonSoftwareFoundation.Python.3.12_3.12.2800.0_x64__qbz5n2kfra8p0\Lib\contextlib.py:595: in __exit__
    if cb(*exc_details):
       ^^^^^^^^^^^^^^^^
C:\Program Files\WindowsApps\PythonSoftwareFoundation.Python.3.12_3.12.2800.0_x64__qbz5n2kfra8p0\Lib\contextlib.py:478: in _exit_wrapper
    callback(*args, **kwds)
venv_test\Lib\site-packages\starlette\testclient.py:692: in wait_shutdown
    portal.call(self.wait_shutdown)
venv_test\Lib\site-packages\anyio\from_thread.py:334: in call
    return cast(T_Retval, self.start_task_soon(func, *args).result())
                          ^^^^^^^^^^^^^^^^^^^^^^^^^^^^^^^^^^^^^^^^^^
C:\Program Files\WindowsApps\PythonSoftwareFoundation.Python.3.12_3.12.2800.0_x64__qbz5n2kfra8p0\Lib\concurrent\futures\_base.py:456: in result
    return self.__get_result()
           ^^^^^^^^^^^^^^^^^^^
C:\Program Files\WindowsApps\PythonSoftwareFoundation.Python.3.12_3.12.2800.0_x64__qbz5n2kfra8p0\Lib\concurrent\futures\_base.py:401: in __get_result
    raise self._exception
venv_test\Lib\site-packages\anyio\from_thread.py:259: in _call_func
    retval = await retval_or_awaitable
             ^^^^^^^^^^^^^^^^^^^^^^^^^
venv_test\Lib\site-packages\starlette\testclient.py:739: in wait_shutdown
    await receive()
venv_test\Lib\site-packages\starlette\testclient.py:729: in receive
    self.task.result()
C:\Program Files\WindowsApps\PythonSoftwareFoundation.Python.3.12_3.12.2800.0_x64__qbz5n2kfra8p0\Lib\concurrent\futures\_base.py:447: in result
    raise CancelledError()
E   concurrent.futures._base.CancelledError
----------------------------- Captured log setup ------------------------------
INFO     orchestrator:main.py:35 Starting Repo Orchestrator...
------------------------------ Captured log call ------------------------------
INFO     httpx:_client.py:1025 HTTP Request: OPTIONS http://testserver/ui/status "HTTP/1.1 204 No Content"
INFO     httpx:_client.py:1025 HTTP Request: GET http://testserver/status "HTTP/1.1 200 OK"
---------------------------- Captured log teardown ----------------------------
INFO     orchestrator:main.py:52 Shutting down Repo Orchestrator...
____________________ ERROR at teardown of test_get_status _____________________
tests\unit\test_routes.py:21: in client
    with TestClient(app) as c:
         ^^^^^^^^^^^^^^^
venv_test\Lib\site-packages\starlette\testclient.py:699: in __exit__
    self.exit_stack.close()
C:\Program Files\WindowsApps\PythonSoftwareFoundation.Python.3.12_3.12.2800.0_x64__qbz5n2kfra8p0\Lib\contextlib.py:618: in close
    self.__exit__(None, None, None)
C:\Program Files\WindowsApps\PythonSoftwareFoundation.Python.3.12_3.12.2800.0_x64__qbz5n2kfra8p0\Lib\contextlib.py:610: in __exit__
    raise exc_details[1]
C:\Program Files\WindowsApps\PythonSoftwareFoundation.Python.3.12_3.12.2800.0_x64__qbz5n2kfra8p0\Lib\contextlib.py:595: in __exit__
    if cb(*exc_details):
       ^^^^^^^^^^^^^^^^
C:\Program Files\WindowsApps\PythonSoftwareFoundation.Python.3.12_3.12.2800.0_x64__qbz5n2kfra8p0\Lib\contextlib.py:478: in _exit_wrapper
    callback(*args, **kwds)
venv_test\Lib\site-packages\starlette\testclient.py:692: in wait_shutdown
    portal.call(self.wait_shutdown)
venv_test\Lib\site-packages\anyio\from_thread.py:334: in call
    return cast(T_Retval, self.start_task_soon(func, *args).result())
                          ^^^^^^^^^^^^^^^^^^^^^^^^^^^^^^^^^^^^^^^^^^
C:\Program Files\WindowsApps\PythonSoftwareFoundation.Python.3.12_3.12.2800.0_x64__qbz5n2kfra8p0\Lib\concurrent\futures\_base.py:456: in result
    return self.__get_result()
           ^^^^^^^^^^^^^^^^^^^
C:\Program Files\WindowsApps\PythonSoftwareFoundation.Python.3.12_3.12.2800.0_x64__qbz5n2kfra8p0\Lib\concurrent\futures\_base.py:401: in __get_result
    raise self._exception
venv_test\Lib\site-packages\anyio\from_thread.py:259: in _call_func
    retval = await retval_or_awaitable
             ^^^^^^^^^^^^^^^^^^^^^^^^^
venv_test\Lib\site-packages\starlette\testclient.py:739: in wait_shutdown
    await receive()
venv_test\Lib\site-packages\starlette\testclient.py:729: in receive
    self.task.result()
C:\Program Files\WindowsApps\PythonSoftwareFoundation.Python.3.12_3.12.2800.0_x64__qbz5n2kfra8p0\Lib\concurrent\futures\_base.py:447: in result
    raise CancelledError()
E   concurrent.futures._base.CancelledError
----------------------------- Captured log setup ------------------------------
INFO     orchestrator:main.py:35 Starting Repo Orchestrator...
------------------------------ Captured log call ------------------------------
INFO     httpx:_client.py:1025 HTTP Request: GET http://testserver/status "HTTP/1.1 200 OK"
---------------------------- Captured log teardown ----------------------------
INFO     orchestrator:main.py:52 Shutting down Repo Orchestrator...
___________________ ERROR at teardown of test_get_ui_status ___________________
tests\unit\test_routes.py:21: in client
    with TestClient(app) as c:
         ^^^^^^^^^^^^^^^
venv_test\Lib\site-packages\starlette\testclient.py:699: in __exit__
    self.exit_stack.close()
C:\Program Files\WindowsApps\PythonSoftwareFoundation.Python.3.12_3.12.2800.0_x64__qbz5n2kfra8p0\Lib\contextlib.py:618: in close
    self.__exit__(None, None, None)
C:\Program Files\WindowsApps\PythonSoftwareFoundation.Python.3.12_3.12.2800.0_x64__qbz5n2kfra8p0\Lib\contextlib.py:610: in __exit__
    raise exc_details[1]
C:\Program Files\WindowsApps\PythonSoftwareFoundation.Python.3.12_3.12.2800.0_x64__qbz5n2kfra8p0\Lib\contextlib.py:595: in __exit__
    if cb(*exc_details):
       ^^^^^^^^^^^^^^^^
C:\Program Files\WindowsApps\PythonSoftwareFoundation.Python.3.12_3.12.2800.0_x64__qbz5n2kfra8p0\Lib\contextlib.py:478: in _exit_wrapper
    callback(*args, **kwds)
venv_test\Lib\site-packages\starlette\testclient.py:692: in wait_shutdown
    portal.call(self.wait_shutdown)
venv_test\Lib\site-packages\anyio\from_thread.py:334: in call
    return cast(T_Retval, self.start_task_soon(func, *args).result())
                          ^^^^^^^^^^^^^^^^^^^^^^^^^^^^^^^^^^^^^^^^^^
C:\Program Files\WindowsApps\PythonSoftwareFoundation.Python.3.12_3.12.2800.0_x64__qbz5n2kfra8p0\Lib\concurrent\futures\_base.py:456: in result
    return self.__get_result()
           ^^^^^^^^^^^^^^^^^^^
C:\Program Files\WindowsApps\PythonSoftwareFoundation.Python.3.12_3.12.2800.0_x64__qbz5n2kfra8p0\Lib\concurrent\futures\_base.py:401: in __get_result
    raise self._exception
venv_test\Lib\site-packages\anyio\from_thread.py:259: in _call_func
    retval = await retval_or_awaitable
             ^^^^^^^^^^^^^^^^^^^^^^^^^
venv_test\Lib\site-packages\starlette\testclient.py:739: in wait_shutdown
    await receive()
venv_test\Lib\site-packages\starlette\testclient.py:729: in receive
    self.task.result()
C:\Program Files\WindowsApps\PythonSoftwareFoundation.Python.3.12_3.12.2800.0_x64__qbz5n2kfra8p0\Lib\concurrent\futures\_base.py:447: in result
    raise CancelledError()
E   concurrent.futures._base.CancelledError
----------------------------- Captured log setup ------------------------------
INFO     orchestrator:main.py:35 Starting Repo Orchestrator...
------------------------------ Captured log call ------------------------------
INFO     httpx:_client.py:1025 HTTP Request: GET http://testserver/ui/status "HTTP/1.1 200 OK"
---------------------------- Captured log teardown ----------------------------
INFO     orchestrator:main.py:52 Shutting down Repo Orchestrator...
___________________ ERROR at teardown of test_get_ui_audit ____________________
tests\unit\test_routes.py:21: in client
    with TestClient(app) as c:
         ^^^^^^^^^^^^^^^
venv_test\Lib\site-packages\starlette\testclient.py:699: in __exit__
    self.exit_stack.close()
C:\Program Files\WindowsApps\PythonSoftwareFoundation.Python.3.12_3.12.2800.0_x64__qbz5n2kfra8p0\Lib\contextlib.py:618: in close
    self.__exit__(None, None, None)
C:\Program Files\WindowsApps\PythonSoftwareFoundation.Python.3.12_3.12.2800.0_x64__qbz5n2kfra8p0\Lib\contextlib.py:610: in __exit__
    raise exc_details[1]
C:\Program Files\WindowsApps\PythonSoftwareFoundation.Python.3.12_3.12.2800.0_x64__qbz5n2kfra8p0\Lib\contextlib.py:595: in __exit__
    if cb(*exc_details):
       ^^^^^^^^^^^^^^^^
C:\Program Files\WindowsApps\PythonSoftwareFoundation.Python.3.12_3.12.2800.0_x64__qbz5n2kfra8p0\Lib\contextlib.py:478: in _exit_wrapper
    callback(*args, **kwds)
venv_test\Lib\site-packages\starlette\testclient.py:692: in wait_shutdown
    portal.call(self.wait_shutdown)
venv_test\Lib\site-packages\anyio\from_thread.py:334: in call
    return cast(T_Retval, self.start_task_soon(func, *args).result())
                          ^^^^^^^^^^^^^^^^^^^^^^^^^^^^^^^^^^^^^^^^^^
C:\Program Files\WindowsApps\PythonSoftwareFoundation.Python.3.12_3.12.2800.0_x64__qbz5n2kfra8p0\Lib\concurrent\futures\_base.py:456: in result
    return self.__get_result()
           ^^^^^^^^^^^^^^^^^^^
C:\Program Files\WindowsApps\PythonSoftwareFoundation.Python.3.12_3.12.2800.0_x64__qbz5n2kfra8p0\Lib\concurrent\futures\_base.py:401: in __get_result
    raise self._exception
venv_test\Lib\site-packages\anyio\from_thread.py:259: in _call_func
    retval = await retval_or_awaitable
             ^^^^^^^^^^^^^^^^^^^^^^^^^
venv_test\Lib\site-packages\starlette\testclient.py:739: in wait_shutdown
    await receive()
venv_test\Lib\site-packages\starlette\testclient.py:729: in receive
    self.task.result()
C:\Program Files\WindowsApps\PythonSoftwareFoundation.Python.3.12_3.12.2800.0_x64__qbz5n2kfra8p0\Lib\concurrent\futures\_base.py:447: in result
    raise CancelledError()
E   concurrent.futures._base.CancelledError
----------------------------- Captured log setup ------------------------------
INFO     orchestrator:main.py:35 Starting Repo Orchestrator...
------------------------------ Captured log call ------------------------------
INFO     httpx:_client.py:1025 HTTP Request: GET http://testserver/ui/audit?limit=10 "HTTP/1.1 200 OK"
---------------------------- Captured log teardown ----------------------------
INFO     orchestrator:main.py:52 Shutting down Repo Orchestrator...
_________________ ERROR at teardown of test_get_ui_allowlist __________________
tests\unit\test_routes.py:21: in client
    with TestClient(app) as c:
         ^^^^^^^^^^^^^^^
venv_test\Lib\site-packages\starlette\testclient.py:699: in __exit__
    self.exit_stack.close()
C:\Program Files\WindowsApps\PythonSoftwareFoundation.Python.3.12_3.12.2800.0_x64__qbz5n2kfra8p0\Lib\contextlib.py:618: in close
    self.__exit__(None, None, None)
C:\Program Files\WindowsApps\PythonSoftwareFoundation.Python.3.12_3.12.2800.0_x64__qbz5n2kfra8p0\Lib\contextlib.py:610: in __exit__
    raise exc_details[1]
C:\Program Files\WindowsApps\PythonSoftwareFoundation.Python.3.12_3.12.2800.0_x64__qbz5n2kfra8p0\Lib\contextlib.py:595: in __exit__
    if cb(*exc_details):
       ^^^^^^^^^^^^^^^^
C:\Program Files\WindowsApps\PythonSoftwareFoundation.Python.3.12_3.12.2800.0_x64__qbz5n2kfra8p0\Lib\contextlib.py:478: in _exit_wrapper
    callback(*args, **kwds)
venv_test\Lib\site-packages\starlette\testclient.py:692: in wait_shutdown
    portal.call(self.wait_shutdown)
venv_test\Lib\site-packages\anyio\from_thread.py:334: in call
    return cast(T_Retval, self.start_task_soon(func, *args).result())
                          ^^^^^^^^^^^^^^^^^^^^^^^^^^^^^^^^^^^^^^^^^^
C:\Program Files\WindowsApps\PythonSoftwareFoundation.Python.3.12_3.12.2800.0_x64__qbz5n2kfra8p0\Lib\concurrent\futures\_base.py:456: in result
    return self.__get_result()
           ^^^^^^^^^^^^^^^^^^^
C:\Program Files\WindowsApps\PythonSoftwareFoundation.Python.3.12_3.12.2800.0_x64__qbz5n2kfra8p0\Lib\concurrent\futures\_base.py:401: in __get_result
    raise self._exception
venv_test\Lib\site-packages\anyio\from_thread.py:259: in _call_func
    retval = await retval_or_awaitable
             ^^^^^^^^^^^^^^^^^^^^^^^^^
venv_test\Lib\site-packages\starlette\testclient.py:739: in wait_shutdown
    await receive()
venv_test\Lib\site-packages\starlette\testclient.py:729: in receive
    self.task.result()
C:\Program Files\WindowsApps\PythonSoftwareFoundation.Python.3.12_3.12.2800.0_x64__qbz5n2kfra8p0\Lib\concurrent\futures\_base.py:447: in result
    raise CancelledError()
E   concurrent.futures._base.CancelledError
----------------------------- Captured log setup ------------------------------
INFO     orchestrator:main.py:35 Starting Repo Orchestrator...
------------------------------ Captured log call ------------------------------
INFO     httpx:_client.py:1025 HTTP Request: GET http://testserver/ui/allowlist "HTTP/1.1 200 OK"
---------------------------- Captured log teardown ----------------------------
INFO     orchestrator:main.py:52 Shutting down Repo Orchestrator...
____________________ ERROR at teardown of test_list_repos _____________________
tests\unit\test_routes.py:21: in client
    with TestClient(app) as c:
         ^^^^^^^^^^^^^^^
venv_test\Lib\site-packages\starlette\testclient.py:699: in __exit__
    self.exit_stack.close()
C:\Program Files\WindowsApps\PythonSoftwareFoundation.Python.3.12_3.12.2800.0_x64__qbz5n2kfra8p0\Lib\contextlib.py:618: in close
    self.__exit__(None, None, None)
C:\Program Files\WindowsApps\PythonSoftwareFoundation.Python.3.12_3.12.2800.0_x64__qbz5n2kfra8p0\Lib\contextlib.py:610: in __exit__
    raise exc_details[1]
C:\Program Files\WindowsApps\PythonSoftwareFoundation.Python.3.12_3.12.2800.0_x64__qbz5n2kfra8p0\Lib\contextlib.py:595: in __exit__
    if cb(*exc_details):
       ^^^^^^^^^^^^^^^^
C:\Program Files\WindowsApps\PythonSoftwareFoundation.Python.3.12_3.12.2800.0_x64__qbz5n2kfra8p0\Lib\contextlib.py:478: in _exit_wrapper
    callback(*args, **kwds)
venv_test\Lib\site-packages\starlette\testclient.py:692: in wait_shutdown
    portal.call(self.wait_shutdown)
venv_test\Lib\site-packages\anyio\from_thread.py:334: in call
    return cast(T_Retval, self.start_task_soon(func, *args).result())
                          ^^^^^^^^^^^^^^^^^^^^^^^^^^^^^^^^^^^^^^^^^^
C:\Program Files\WindowsApps\PythonSoftwareFoundation.Python.3.12_3.12.2800.0_x64__qbz5n2kfra8p0\Lib\concurrent\futures\_base.py:456: in result
    return self.__get_result()
           ^^^^^^^^^^^^^^^^^^^
C:\Program Files\WindowsApps\PythonSoftwareFoundation.Python.3.12_3.12.2800.0_x64__qbz5n2kfra8p0\Lib\concurrent\futures\_base.py:401: in __get_result
    raise self._exception
venv_test\Lib\site-packages\anyio\from_thread.py:259: in _call_func
    retval = await retval_or_awaitable
             ^^^^^^^^^^^^^^^^^^^^^^^^^
venv_test\Lib\site-packages\starlette\testclient.py:739: in wait_shutdown
    await receive()
venv_test\Lib\site-packages\starlette\testclient.py:729: in receive
    self.task.result()
C:\Program Files\WindowsApps\PythonSoftwareFoundation.Python.3.12_3.12.2800.0_x64__qbz5n2kfra8p0\Lib\concurrent\futures\_base.py:447: in result
    raise CancelledError()
E   concurrent.futures._base.CancelledError
----------------------------- Captured log setup ------------------------------
INFO     orchestrator:main.py:35 Starting Repo Orchestrator...
------------------------------ Captured log call ------------------------------
INFO     httpx:_client.py:1025 HTTP Request: GET http://testserver/ui/repos "HTTP/1.1 200 OK"
---------------------------- Captured log teardown ----------------------------
INFO     orchestrator:main.py:52 Shutting down Repo Orchestrator...
__________________ ERROR at teardown of test_get_active_repo __________________
tests\unit\test_routes.py:21: in client
    with TestClient(app) as c:
         ^^^^^^^^^^^^^^^
venv_test\Lib\site-packages\starlette\testclient.py:699: in __exit__
    self.exit_stack.close()
C:\Program Files\WindowsApps\PythonSoftwareFoundation.Python.3.12_3.12.2800.0_x64__qbz5n2kfra8p0\Lib\contextlib.py:618: in close
    self.__exit__(None, None, None)
C:\Program Files\WindowsApps\PythonSoftwareFoundation.Python.3.12_3.12.2800.0_x64__qbz5n2kfra8p0\Lib\contextlib.py:610: in __exit__
    raise exc_details[1]
C:\Program Files\WindowsApps\PythonSoftwareFoundation.Python.3.12_3.12.2800.0_x64__qbz5n2kfra8p0\Lib\contextlib.py:595: in __exit__
    if cb(*exc_details):
       ^^^^^^^^^^^^^^^^
C:\Program Files\WindowsApps\PythonSoftwareFoundation.Python.3.12_3.12.2800.0_x64__qbz5n2kfra8p0\Lib\contextlib.py:478: in _exit_wrapper
    callback(*args, **kwds)
venv_test\Lib\site-packages\starlette\testclient.py:692: in wait_shutdown
    portal.call(self.wait_shutdown)
venv_test\Lib\site-packages\anyio\from_thread.py:334: in call
    return cast(T_Retval, self.start_task_soon(func, *args).result())
                          ^^^^^^^^^^^^^^^^^^^^^^^^^^^^^^^^^^^^^^^^^^
C:\Program Files\WindowsApps\PythonSoftwareFoundation.Python.3.12_3.12.2800.0_x64__qbz5n2kfra8p0\Lib\concurrent\futures\_base.py:456: in result
    return self.__get_result()
           ^^^^^^^^^^^^^^^^^^^
C:\Program Files\WindowsApps\PythonSoftwareFoundation.Python.3.12_3.12.2800.0_x64__qbz5n2kfra8p0\Lib\concurrent\futures\_base.py:401: in __get_result
    raise self._exception
venv_test\Lib\site-packages\anyio\from_thread.py:259: in _call_func
    retval = await retval_or_awaitable
             ^^^^^^^^^^^^^^^^^^^^^^^^^
venv_test\Lib\site-packages\starlette\testclient.py:739: in wait_shutdown
    await receive()
venv_test\Lib\site-packages\starlette\testclient.py:729: in receive
    self.task.result()
C:\Program Files\WindowsApps\PythonSoftwareFoundation.Python.3.12_3.12.2800.0_x64__qbz5n2kfra8p0\Lib\concurrent\futures\_base.py:447: in result
    raise CancelledError()
E   concurrent.futures._base.CancelledError
----------------------------- Captured log setup ------------------------------
INFO     orchestrator:main.py:35 Starting Repo Orchestrator...
------------------------------ Captured log call ------------------------------
INFO     httpx:_client.py:1025 HTTP Request: GET http://testserver/ui/repos/active "HTTP/1.1 200 OK"
---------------------------- Captured log teardown ----------------------------
INFO     orchestrator:main.py:52 Shutting down Repo Orchestrator...
_________________ ERROR at teardown of test_open_repo_success _________________
tests\unit\test_routes.py:21: in client
    with TestClient(app) as c:
         ^^^^^^^^^^^^^^^
venv_test\Lib\site-packages\starlette\testclient.py:699: in __exit__
    self.exit_stack.close()
C:\Program Files\WindowsApps\PythonSoftwareFoundation.Python.3.12_3.12.2800.0_x64__qbz5n2kfra8p0\Lib\contextlib.py:618: in close
    self.__exit__(None, None, None)
C:\Program Files\WindowsApps\PythonSoftwareFoundation.Python.3.12_3.12.2800.0_x64__qbz5n2kfra8p0\Lib\contextlib.py:610: in __exit__
    raise exc_details[1]
C:\Program Files\WindowsApps\PythonSoftwareFoundation.Python.3.12_3.12.2800.0_x64__qbz5n2kfra8p0\Lib\contextlib.py:595: in __exit__
    if cb(*exc_details):
       ^^^^^^^^^^^^^^^^
C:\Program Files\WindowsApps\PythonSoftwareFoundation.Python.3.12_3.12.2800.0_x64__qbz5n2kfra8p0\Lib\contextlib.py:478: in _exit_wrapper
    callback(*args, **kwds)
venv_test\Lib\site-packages\starlette\testclient.py:692: in wait_shutdown
    portal.call(self.wait_shutdown)
venv_test\Lib\site-packages\anyio\from_thread.py:334: in call
    return cast(T_Retval, self.start_task_soon(func, *args).result())
                          ^^^^^^^^^^^^^^^^^^^^^^^^^^^^^^^^^^^^^^^^^^
C:\Program Files\WindowsApps\PythonSoftwareFoundation.Python.3.12_3.12.2800.0_x64__qbz5n2kfra8p0\Lib\concurrent\futures\_base.py:456: in result
    return self.__get_result()
           ^^^^^^^^^^^^^^^^^^^
C:\Program Files\WindowsApps\PythonSoftwareFoundation.Python.3.12_3.12.2800.0_x64__qbz5n2kfra8p0\Lib\concurrent\futures\_base.py:401: in __get_result
    raise self._exception
venv_test\Lib\site-packages\anyio\from_thread.py:259: in _call_func
    retval = await retval_or_awaitable
             ^^^^^^^^^^^^^^^^^^^^^^^^^
venv_test\Lib\site-packages\starlette\testclient.py:739: in wait_shutdown
    await receive()
venv_test\Lib\site-packages\starlette\testclient.py:729: in receive
    self.task.result()
C:\Program Files\WindowsApps\PythonSoftwareFoundation.Python.3.12_3.12.2800.0_x64__qbz5n2kfra8p0\Lib\concurrent\futures\_base.py:447: in result
    raise CancelledError()
E   concurrent.futures._base.CancelledError
----------------------------- Captured log setup ------------------------------
INFO     orchestrator:main.py:35 Starting Repo Orchestrator...
------------------------------ Captured log call ------------------------------
INFO     root:audit.py:47 OP:READ | PATH:UI | RANGE:OPEN_REPO | HASH:C:\Users\shilo\AppData\Local\Temp\pytest-of-shilo\pytest-57\test_open_repo_success0\myrepo | ACTOR:test-user
INFO     httpx:_client.py:1025 HTTP Request: POST http://testserver/ui/repos/open?path=C:\Users\shilo\AppData\Local\Temp\pytest-of-shilo\pytest-57\test_open_repo_success0\myrepo "HTTP/1.1 200 OK"
---------------------------- Captured log teardown ----------------------------
INFO     orchestrator:main.py:52 Shutting down Repo Orchestrator...
______________ ERROR at teardown of test_open_repo_fail_outside _______________
tests\unit\test_routes.py:21: in client
    with TestClient(app) as c:
         ^^^^^^^^^^^^^^^
venv_test\Lib\site-packages\starlette\testclient.py:699: in __exit__
    self.exit_stack.close()
C:\Program Files\WindowsApps\PythonSoftwareFoundation.Python.3.12_3.12.2800.0_x64__qbz5n2kfra8p0\Lib\contextlib.py:618: in close
    self.__exit__(None, None, None)
C:\Program Files\WindowsApps\PythonSoftwareFoundation.Python.3.12_3.12.2800.0_x64__qbz5n2kfra8p0\Lib\contextlib.py:610: in __exit__
    raise exc_details[1]
C:\Program Files\WindowsApps\PythonSoftwareFoundation.Python.3.12_3.12.2800.0_x64__qbz5n2kfra8p0\Lib\contextlib.py:595: in __exit__
    if cb(*exc_details):
       ^^^^^^^^^^^^^^^^
C:\Program Files\WindowsApps\PythonSoftwareFoundation.Python.3.12_3.12.2800.0_x64__qbz5n2kfra8p0\Lib\contextlib.py:478: in _exit_wrapper
    callback(*args, **kwds)
venv_test\Lib\site-packages\starlette\testclient.py:692: in wait_shutdown
    portal.call(self.wait_shutdown)
venv_test\Lib\site-packages\anyio\from_thread.py:334: in call
    return cast(T_Retval, self.start_task_soon(func, *args).result())
                          ^^^^^^^^^^^^^^^^^^^^^^^^^^^^^^^^^^^^^^^^^^
C:\Program Files\WindowsApps\PythonSoftwareFoundation.Python.3.12_3.12.2800.0_x64__qbz5n2kfra8p0\Lib\concurrent\futures\_base.py:456: in result
    return self.__get_result()
           ^^^^^^^^^^^^^^^^^^^
C:\Program Files\WindowsApps\PythonSoftwareFoundation.Python.3.12_3.12.2800.0_x64__qbz5n2kfra8p0\Lib\concurrent\futures\_base.py:401: in __get_result
    raise self._exception
venv_test\Lib\site-packages\anyio\from_thread.py:259: in _call_func
    retval = await retval_or_awaitable
             ^^^^^^^^^^^^^^^^^^^^^^^^^
venv_test\Lib\site-packages\starlette\testclient.py:739: in wait_shutdown
    await receive()
venv_test\Lib\site-packages\starlette\testclient.py:729: in receive
    self.task.result()
C:\Program Files\WindowsApps\PythonSoftwareFoundation.Python.3.12_3.12.2800.0_x64__qbz5n2kfra8p0\Lib\concurrent\futures\_base.py:447: in result
    raise CancelledError()
E   concurrent.futures._base.CancelledError
----------------------------- Captured log setup ------------------------------
INFO     orchestrator:main.py:35 Starting Repo Orchestrator...
------------------------------ Captured log call ------------------------------
INFO     httpx:_client.py:1025 HTTP Request: POST http://testserver/ui/repos/open?path=C:\Users\shilo\AppData\Local\Temp\pytest-of-shilo\pytest-57\test_open_repo_fail_outside0\outside "HTTP/1.1 400 Bad Request"
---------------------------- Captured log teardown ----------------------------
INFO     orchestrator:main.py:52 Shutting down Repo Orchestrator...
_____________ ERROR at teardown of test_open_repo_fail_not_found ______________
tests\unit\test_routes.py:21: in client
    with TestClient(app) as c:
         ^^^^^^^^^^^^^^^
venv_test\Lib\site-packages\starlette\testclient.py:699: in __exit__
    self.exit_stack.close()
C:\Program Files\WindowsApps\PythonSoftwareFoundation.Python.3.12_3.12.2800.0_x64__qbz5n2kfra8p0\Lib\contextlib.py:618: in close
    self.__exit__(None, None, None)
C:\Program Files\WindowsApps\PythonSoftwareFoundation.Python.3.12_3.12.2800.0_x64__qbz5n2kfra8p0\Lib\contextlib.py:610: in __exit__
    raise exc_details[1]
C:\Program Files\WindowsApps\PythonSoftwareFoundation.Python.3.12_3.12.2800.0_x64__qbz5n2kfra8p0\Lib\contextlib.py:595: in __exit__
    if cb(*exc_details):
       ^^^^^^^^^^^^^^^^
C:\Program Files\WindowsApps\PythonSoftwareFoundation.Python.3.12_3.12.2800.0_x64__qbz5n2kfra8p0\Lib\contextlib.py:478: in _exit_wrapper
    callback(*args, **kwds)
venv_test\Lib\site-packages\starlette\testclient.py:692: in wait_shutdown
    portal.call(self.wait_shutdown)
venv_test\Lib\site-packages\anyio\from_thread.py:334: in call
    return cast(T_Retval, self.start_task_soon(func, *args).result())
                          ^^^^^^^^^^^^^^^^^^^^^^^^^^^^^^^^^^^^^^^^^^
C:\Program Files\WindowsApps\PythonSoftwareFoundation.Python.3.12_3.12.2800.0_x64__qbz5n2kfra8p0\Lib\concurrent\futures\_base.py:456: in result
    return self.__get_result()
           ^^^^^^^^^^^^^^^^^^^
C:\Program Files\WindowsApps\PythonSoftwareFoundation.Python.3.12_3.12.2800.0_x64__qbz5n2kfra8p0\Lib\concurrent\futures\_base.py:401: in __get_result
    raise self._exception
venv_test\Lib\site-packages\anyio\from_thread.py:259: in _call_func
    retval = await retval_or_awaitable
             ^^^^^^^^^^^^^^^^^^^^^^^^^
venv_test\Lib\site-packages\starlette\testclient.py:739: in wait_shutdown
    await receive()
venv_test\Lib\site-packages\starlette\testclient.py:729: in receive
    self.task.result()
C:\Program Files\WindowsApps\PythonSoftwareFoundation.Python.3.12_3.12.2800.0_x64__qbz5n2kfra8p0\Lib\concurrent\futures\_base.py:447: in result
    raise CancelledError()
E   concurrent.futures._base.CancelledError
----------------------------- Captured log setup ------------------------------
INFO     orchestrator:main.py:35 Starting Repo Orchestrator...
------------------------------ Captured log call ------------------------------
INFO     httpx:_client.py:1025 HTTP Request: POST http://testserver/ui/repos/open?path=C:\Users\shilo\AppData\Local\Temp\pytest-of-shilo\pytest-57\test_open_repo_fail_not_found0\nonexistent "HTTP/1.1 404 Not Found"
---------------------------- Captured log teardown ----------------------------
INFO     orchestrator:main.py:52 Shutting down Repo Orchestrator...
________________ ERROR at teardown of test_select_repo_success ________________
tests\unit\test_routes.py:21: in client
    with TestClient(app) as c:
         ^^^^^^^^^^^^^^^
venv_test\Lib\site-packages\starlette\testclient.py:699: in __exit__
    self.exit_stack.close()
C:\Program Files\WindowsApps\PythonSoftwareFoundation.Python.3.12_3.12.2800.0_x64__qbz5n2kfra8p0\Lib\contextlib.py:618: in close
    self.__exit__(None, None, None)
C:\Program Files\WindowsApps\PythonSoftwareFoundation.Python.3.12_3.12.2800.0_x64__qbz5n2kfra8p0\Lib\contextlib.py:610: in __exit__
    raise exc_details[1]
C:\Program Files\WindowsApps\PythonSoftwareFoundation.Python.3.12_3.12.2800.0_x64__qbz5n2kfra8p0\Lib\contextlib.py:595: in __exit__
    if cb(*exc_details):
       ^^^^^^^^^^^^^^^^
C:\Program Files\WindowsApps\PythonSoftwareFoundation.Python.3.12_3.12.2800.0_x64__qbz5n2kfra8p0\Lib\contextlib.py:478: in _exit_wrapper
    callback(*args, **kwds)
venv_test\Lib\site-packages\starlette\testclient.py:692: in wait_shutdown
    portal.call(self.wait_shutdown)
venv_test\Lib\site-packages\anyio\from_thread.py:334: in call
    return cast(T_Retval, self.start_task_soon(func, *args).result())
                          ^^^^^^^^^^^^^^^^^^^^^^^^^^^^^^^^^^^^^^^^^^
C:\Program Files\WindowsApps\PythonSoftwareFoundation.Python.3.12_3.12.2800.0_x64__qbz5n2kfra8p0\Lib\concurrent\futures\_base.py:456: in result
    return self.__get_result()
           ^^^^^^^^^^^^^^^^^^^
C:\Program Files\WindowsApps\PythonSoftwareFoundation.Python.3.12_3.12.2800.0_x64__qbz5n2kfra8p0\Lib\concurrent\futures\_base.py:401: in __get_result
    raise self._exception
venv_test\Lib\site-packages\anyio\from_thread.py:259: in _call_func
    retval = await retval_or_awaitable
             ^^^^^^^^^^^^^^^^^^^^^^^^^
venv_test\Lib\site-packages\starlette\testclient.py:739: in wait_shutdown
    await receive()
venv_test\Lib\site-packages\starlette\testclient.py:729: in receive
    self.task.result()
C:\Program Files\WindowsApps\PythonSoftwareFoundation.Python.3.12_3.12.2800.0_x64__qbz5n2kfra8p0\Lib\concurrent\futures\_base.py:447: in result
    raise CancelledError()
E   concurrent.futures._base.CancelledError
----------------------------- Captured log setup ------------------------------
INFO     orchestrator:main.py:35 Starting Repo Orchestrator...
------------------------------ Captured log call ------------------------------
INFO     root:audit.py:47 OP:READ | PATH:REPO | RANGE:SELECT | HASH:C:\Users\shilo\AppData\Local\Temp\pytest-of-shilo\pytest-57\test_select_repo_success0\myrepo | ACTOR:test-user
INFO     httpx:_client.py:1025 HTTP Request: POST http://testserver/ui/repos/select?path=C:\Users\shilo\AppData\Local\Temp\pytest-of-shilo\pytest-57\test_select_repo_success0\myrepo "HTTP/1.1 200 OK"
---------------------------- Captured log teardown ----------------------------
INFO     orchestrator:main.py:52 Shutting down Repo Orchestrator...
_____________ ERROR at teardown of test_select_repo_fail_outside ______________
tests\unit\test_routes.py:21: in client
    with TestClient(app) as c:
         ^^^^^^^^^^^^^^^
venv_test\Lib\site-packages\starlette\testclient.py:699: in __exit__
    self.exit_stack.close()
C:\Program Files\WindowsApps\PythonSoftwareFoundation.Python.3.12_3.12.2800.0_x64__qbz5n2kfra8p0\Lib\contextlib.py:618: in close
    self.__exit__(None, None, None)
C:\Program Files\WindowsApps\PythonSoftwareFoundation.Python.3.12_3.12.2800.0_x64__qbz5n2kfra8p0\Lib\contextlib.py:610: in __exit__
    raise exc_details[1]
C:\Program Files\WindowsApps\PythonSoftwareFoundation.Python.3.12_3.12.2800.0_x64__qbz5n2kfra8p0\Lib\contextlib.py:595: in __exit__
    if cb(*exc_details):
       ^^^^^^^^^^^^^^^^
C:\Program Files\WindowsApps\PythonSoftwareFoundation.Python.3.12_3.12.2800.0_x64__qbz5n2kfra8p0\Lib\contextlib.py:478: in _exit_wrapper
    callback(*args, **kwds)
venv_test\Lib\site-packages\starlette\testclient.py:692: in wait_shutdown
    portal.call(self.wait_shutdown)
venv_test\Lib\site-packages\anyio\from_thread.py:334: in call
    return cast(T_Retval, self.start_task_soon(func, *args).result())
                          ^^^^^^^^^^^^^^^^^^^^^^^^^^^^^^^^^^^^^^^^^^
C:\Program Files\WindowsApps\PythonSoftwareFoundation.Python.3.12_3.12.2800.0_x64__qbz5n2kfra8p0\Lib\concurrent\futures\_base.py:456: in result
    return self.__get_result()
           ^^^^^^^^^^^^^^^^^^^
C:\Program Files\WindowsApps\PythonSoftwareFoundation.Python.3.12_3.12.2800.0_x64__qbz5n2kfra8p0\Lib\concurrent\futures\_base.py:401: in __get_result
    raise self._exception
venv_test\Lib\site-packages\anyio\from_thread.py:259: in _call_func
    retval = await retval_or_awaitable
             ^^^^^^^^^^^^^^^^^^^^^^^^^
venv_test\Lib\site-packages\starlette\testclient.py:739: in wait_shutdown
    await receive()
venv_test\Lib\site-packages\starlette\testclient.py:729: in receive
    self.task.result()
C:\Program Files\WindowsApps\PythonSoftwareFoundation.Python.3.12_3.12.2800.0_x64__qbz5n2kfra8p0\Lib\concurrent\futures\_base.py:447: in result
    raise CancelledError()
E   concurrent.futures._base.CancelledError
----------------------------- Captured log setup ------------------------------
INFO     orchestrator:main.py:35 Starting Repo Orchestrator...
------------------------------ Captured log call ------------------------------
INFO     httpx:_client.py:1025 HTTP Request: POST http://testserver/ui/repos/select?path=C:\Users\shilo\AppData\Local\Temp\pytest-of-shilo\pytest-57\test_select_repo_fail_outside0\outside "HTTP/1.1 400 Bad Request"
---------------------------- Captured log teardown ----------------------------
INFO     orchestrator:main.py:52 Shutting down Repo Orchestrator...
____________ ERROR at teardown of test_select_repo_fail_not_found _____________
tests\unit\test_routes.py:21: in client
    with TestClient(app) as c:
         ^^^^^^^^^^^^^^^
venv_test\Lib\site-packages\starlette\testclient.py:699: in __exit__
    self.exit_stack.close()
C:\Program Files\WindowsApps\PythonSoftwareFoundation.Python.3.12_3.12.2800.0_x64__qbz5n2kfra8p0\Lib\contextlib.py:618: in close
    self.__exit__(None, None, None)
C:\Program Files\WindowsApps\PythonSoftwareFoundation.Python.3.12_3.12.2800.0_x64__qbz5n2kfra8p0\Lib\contextlib.py:610: in __exit__
    raise exc_details[1]
C:\Program Files\WindowsApps\PythonSoftwareFoundation.Python.3.12_3.12.2800.0_x64__qbz5n2kfra8p0\Lib\contextlib.py:595: in __exit__
    if cb(*exc_details):
       ^^^^^^^^^^^^^^^^
C:\Program Files\WindowsApps\PythonSoftwareFoundation.Python.3.12_3.12.2800.0_x64__qbz5n2kfra8p0\Lib\contextlib.py:478: in _exit_wrapper
    callback(*args, **kwds)
venv_test\Lib\site-packages\starlette\testclient.py:692: in wait_shutdown
    portal.call(self.wait_shutdown)
venv_test\Lib\site-packages\anyio\from_thread.py:334: in call
    return cast(T_Retval, self.start_task_soon(func, *args).result())
                          ^^^^^^^^^^^^^^^^^^^^^^^^^^^^^^^^^^^^^^^^^^
C:\Program Files\WindowsApps\PythonSoftwareFoundation.Python.3.12_3.12.2800.0_x64__qbz5n2kfra8p0\Lib\concurrent\futures\_base.py:456: in result
    return self.__get_result()
           ^^^^^^^^^^^^^^^^^^^
C:\Program Files\WindowsApps\PythonSoftwareFoundation.Python.3.12_3.12.2800.0_x64__qbz5n2kfra8p0\Lib\concurrent\futures\_base.py:401: in __get_result
    raise self._exception
venv_test\Lib\site-packages\anyio\from_thread.py:259: in _call_func
    retval = await retval_or_awaitable
             ^^^^^^^^^^^^^^^^^^^^^^^^^
venv_test\Lib\site-packages\starlette\testclient.py:739: in wait_shutdown
    await receive()
venv_test\Lib\site-packages\starlette\testclient.py:729: in receive
    self.task.result()
C:\Program Files\WindowsApps\PythonSoftwareFoundation.Python.3.12_3.12.2800.0_x64__qbz5n2kfra8p0\Lib\concurrent\futures\_base.py:447: in result
    raise CancelledError()
E   concurrent.futures._base.CancelledError
----------------------------- Captured log setup ------------------------------
INFO     orchestrator:main.py:35 Starting Repo Orchestrator...
------------------------------ Captured log call ------------------------------
INFO     httpx:_client.py:1025 HTTP Request: POST http://testserver/ui/repos/select?path=C:\Users\shilo\AppData\Local\Temp\pytest-of-shilo\pytest-57\test_select_repo_fail_not_foun0\nonexistent "HTTP/1.1 404 Not Found"
---------------------------- Captured log teardown ----------------------------
INFO     orchestrator:main.py:52 Shutting down Repo Orchestrator...
________________ ERROR at teardown of test_get_security_events ________________
tests\unit\test_routes.py:21: in client
    with TestClient(app) as c:
         ^^^^^^^^^^^^^^^
venv_test\Lib\site-packages\starlette\testclient.py:699: in __exit__
    self.exit_stack.close()
C:\Program Files\WindowsApps\PythonSoftwareFoundation.Python.3.12_3.12.2800.0_x64__qbz5n2kfra8p0\Lib\contextlib.py:618: in close
    self.__exit__(None, None, None)
C:\Program Files\WindowsApps\PythonSoftwareFoundation.Python.3.12_3.12.2800.0_x64__qbz5n2kfra8p0\Lib\contextlib.py:610: in __exit__
    raise exc_details[1]
C:\Program Files\WindowsApps\PythonSoftwareFoundation.Python.3.12_3.12.2800.0_x64__qbz5n2kfra8p0\Lib\contextlib.py:595: in __exit__
    if cb(*exc_details):
       ^^^^^^^^^^^^^^^^
C:\Program Files\WindowsApps\PythonSoftwareFoundation.Python.3.12_3.12.2800.0_x64__qbz5n2kfra8p0\Lib\contextlib.py:478: in _exit_wrapper
    callback(*args, **kwds)
venv_test\Lib\site-packages\starlette\testclient.py:692: in wait_shutdown
    portal.call(self.wait_shutdown)
venv_test\Lib\site-packages\anyio\from_thread.py:334: in call
    return cast(T_Retval, self.start_task_soon(func, *args).result())
                          ^^^^^^^^^^^^^^^^^^^^^^^^^^^^^^^^^^^^^^^^^^
C:\Program Files\WindowsApps\PythonSoftwareFoundation.Python.3.12_3.12.2800.0_x64__qbz5n2kfra8p0\Lib\concurrent\futures\_base.py:456: in result
    return self.__get_result()
           ^^^^^^^^^^^^^^^^^^^
C:\Program Files\WindowsApps\PythonSoftwareFoundation.Python.3.12_3.12.2800.0_x64__qbz5n2kfra8p0\Lib\concurrent\futures\_base.py:401: in __get_result
    raise self._exception
venv_test\Lib\site-packages\anyio\from_thread.py:259: in _call_func
    retval = await retval_or_awaitable
             ^^^^^^^^^^^^^^^^^^^^^^^^^
venv_test\Lib\site-packages\starlette\testclient.py:739: in wait_shutdown
    await receive()
venv_test\Lib\site-packages\starlette\testclient.py:729: in receive
    self.task.result()
C:\Program Files\WindowsApps\PythonSoftwareFoundation.Python.3.12_3.12.2800.0_x64__qbz5n2kfra8p0\Lib\concurrent\futures\_base.py:447: in result
    raise CancelledError()
E   concurrent.futures._base.CancelledError
----------------------------- Captured log setup ------------------------------
INFO     orchestrator:main.py:35 Starting Repo Orchestrator...
------------------------------ Captured log call ------------------------------
INFO     httpx:_client.py:1025 HTTP Request: GET http://testserver/ui/security/events "HTTP/1.1 200 OK"
---------------------------- Captured log teardown ----------------------------
INFO     orchestrator:main.py:52 Shutting down Repo Orchestrator...
_____________ ERROR at teardown of test_security_resolve_success ______________
tests\unit\test_routes.py:21: in client
    with TestClient(app) as c:
         ^^^^^^^^^^^^^^^
venv_test\Lib\site-packages\starlette\testclient.py:699: in __exit__
    self.exit_stack.close()
C:\Program Files\WindowsApps\PythonSoftwareFoundation.Python.3.12_3.12.2800.0_x64__qbz5n2kfra8p0\Lib\contextlib.py:618: in close
    self.__exit__(None, None, None)
C:\Program Files\WindowsApps\PythonSoftwareFoundation.Python.3.12_3.12.2800.0_x64__qbz5n2kfra8p0\Lib\contextlib.py:610: in __exit__
    raise exc_details[1]
C:\Program Files\WindowsApps\PythonSoftwareFoundation.Python.3.12_3.12.2800.0_x64__qbz5n2kfra8p0\Lib\contextlib.py:595: in __exit__
    if cb(*exc_details):
       ^^^^^^^^^^^^^^^^
C:\Program Files\WindowsApps\PythonSoftwareFoundation.Python.3.12_3.12.2800.0_x64__qbz5n2kfra8p0\Lib\contextlib.py:478: in _exit_wrapper
    callback(*args, **kwds)
venv_test\Lib\site-packages\starlette\testclient.py:692: in wait_shutdown
    portal.call(self.wait_shutdown)
venv_test\Lib\site-packages\anyio\from_thread.py:334: in call
    return cast(T_Retval, self.start_task_soon(func, *args).result())
                          ^^^^^^^^^^^^^^^^^^^^^^^^^^^^^^^^^^^^^^^^^^
C:\Program Files\WindowsApps\PythonSoftwareFoundation.Python.3.12_3.12.2800.0_x64__qbz5n2kfra8p0\Lib\concurrent\futures\_base.py:456: in result
    return self.__get_result()
           ^^^^^^^^^^^^^^^^^^^
C:\Program Files\WindowsApps\PythonSoftwareFoundation.Python.3.12_3.12.2800.0_x64__qbz5n2kfra8p0\Lib\concurrent\futures\_base.py:401: in __get_result
    raise self._exception
venv_test\Lib\site-packages\anyio\from_thread.py:259: in _call_func
    retval = await retval_or_awaitable
             ^^^^^^^^^^^^^^^^^^^^^^^^^
venv_test\Lib\site-packages\starlette\testclient.py:739: in wait_shutdown
    await receive()
venv_test\Lib\site-packages\starlette\testclient.py:729: in receive
    self.task.result()
C:\Program Files\WindowsApps\PythonSoftwareFoundation.Python.3.12_3.12.2800.0_x64__qbz5n2kfra8p0\Lib\concurrent\futures\_base.py:447: in result
    raise CancelledError()
E   concurrent.futures._base.CancelledError
----------------------------- Captured log setup ------------------------------
INFO     orchestrator:main.py:35 Starting Repo Orchestrator...
------------------------------ Captured log call ------------------------------
INFO     root:audit.py:47 OP:READ | PATH:SECURITY | RANGE:PANIC_CLEARED | HASH:SUCCESS | ACTOR:test-user
INFO     httpx:_client.py:1025 HTTP Request: POST http://testserver/ui/security/resolve?action=clear_panic "HTTP/1.1 200 OK"
---------------------------- Captured log teardown ----------------------------
INFO     orchestrator:main.py:52 Shutting down Repo Orchestrator...
_____________ ERROR at teardown of test_security_resolve_invalid ______________
tests\unit\test_routes.py:21: in client
    with TestClient(app) as c:
         ^^^^^^^^^^^^^^^
venv_test\Lib\site-packages\starlette\testclient.py:699: in __exit__
    self.exit_stack.close()
C:\Program Files\WindowsApps\PythonSoftwareFoundation.Python.3.12_3.12.2800.0_x64__qbz5n2kfra8p0\Lib\contextlib.py:618: in close
    self.__exit__(None, None, None)
C:\Program Files\WindowsApps\PythonSoftwareFoundation.Python.3.12_3.12.2800.0_x64__qbz5n2kfra8p0\Lib\contextlib.py:610: in __exit__
    raise exc_details[1]
C:\Program Files\WindowsApps\PythonSoftwareFoundation.Python.3.12_3.12.2800.0_x64__qbz5n2kfra8p0\Lib\contextlib.py:595: in __exit__
    if cb(*exc_details):
       ^^^^^^^^^^^^^^^^
C:\Program Files\WindowsApps\PythonSoftwareFoundation.Python.3.12_3.12.2800.0_x64__qbz5n2kfra8p0\Lib\contextlib.py:478: in _exit_wrapper
    callback(*args, **kwds)
venv_test\Lib\site-packages\starlette\testclient.py:692: in wait_shutdown
    portal.call(self.wait_shutdown)
venv_test\Lib\site-packages\anyio\from_thread.py:334: in call
    return cast(T_Retval, self.start_task_soon(func, *args).result())
                          ^^^^^^^^^^^^^^^^^^^^^^^^^^^^^^^^^^^^^^^^^^
C:\Program Files\WindowsApps\PythonSoftwareFoundation.Python.3.12_3.12.2800.0_x64__qbz5n2kfra8p0\Lib\concurrent\futures\_base.py:456: in result
    return self.__get_result()
           ^^^^^^^^^^^^^^^^^^^
C:\Program Files\WindowsApps\PythonSoftwareFoundation.Python.3.12_3.12.2800.0_x64__qbz5n2kfra8p0\Lib\concurrent\futures\_base.py:401: in __get_result
    raise self._exception
venv_test\Lib\site-packages\anyio\from_thread.py:259: in _call_func
    retval = await retval_or_awaitable
             ^^^^^^^^^^^^^^^^^^^^^^^^^
venv_test\Lib\site-packages\starlette\testclient.py:739: in wait_shutdown
    await receive()
venv_test\Lib\site-packages\starlette\testclient.py:729: in receive
    self.task.result()
C:\Program Files\WindowsApps\PythonSoftwareFoundation.Python.3.12_3.12.2800.0_x64__qbz5n2kfra8p0\Lib\concurrent\futures\_base.py:447: in result
    raise CancelledError()
E   concurrent.futures._base.CancelledError
----------------------------- Captured log setup ------------------------------
INFO     orchestrator:main.py:35 Starting Repo Orchestrator...
------------------------------ Captured log call ------------------------------
INFO     httpx:_client.py:1025 HTTP Request: POST http://testserver/ui/security/resolve?action=invalid "HTTP/1.1 400 Bad Request"
---------------------------- Captured log teardown ----------------------------
INFO     orchestrator:main.py:52 Shutting down Repo Orchestrator...
________________ ERROR at teardown of test_get_service_status _________________
tests\unit\test_routes.py:21: in client
    with TestClient(app) as c:
         ^^^^^^^^^^^^^^^
venv_test\Lib\site-packages\starlette\testclient.py:699: in __exit__
    self.exit_stack.close()
C:\Program Files\WindowsApps\PythonSoftwareFoundation.Python.3.12_3.12.2800.0_x64__qbz5n2kfra8p0\Lib\contextlib.py:618: in close
    self.__exit__(None, None, None)
C:\Program Files\WindowsApps\PythonSoftwareFoundation.Python.3.12_3.12.2800.0_x64__qbz5n2kfra8p0\Lib\contextlib.py:610: in __exit__
    raise exc_details[1]
C:\Program Files\WindowsApps\PythonSoftwareFoundation.Python.3.12_3.12.2800.0_x64__qbz5n2kfra8p0\Lib\contextlib.py:595: in __exit__
    if cb(*exc_details):
       ^^^^^^^^^^^^^^^^
C:\Program Files\WindowsApps\PythonSoftwareFoundation.Python.3.12_3.12.2800.0_x64__qbz5n2kfra8p0\Lib\contextlib.py:478: in _exit_wrapper
    callback(*args, **kwds)
venv_test\Lib\site-packages\starlette\testclient.py:692: in wait_shutdown
    portal.call(self.wait_shutdown)
venv_test\Lib\site-packages\anyio\from_thread.py:334: in call
    return cast(T_Retval, self.start_task_soon(func, *args).result())
                          ^^^^^^^^^^^^^^^^^^^^^^^^^^^^^^^^^^^^^^^^^^
C:\Program Files\WindowsApps\PythonSoftwareFoundation.Python.3.12_3.12.2800.0_x64__qbz5n2kfra8p0\Lib\concurrent\futures\_base.py:456: in result
    return self.__get_result()
           ^^^^^^^^^^^^^^^^^^^
C:\Program Files\WindowsApps\PythonSoftwareFoundation.Python.3.12_3.12.2800.0_x64__qbz5n2kfra8p0\Lib\concurrent\futures\_base.py:401: in __get_result
    raise self._exception
venv_test\Lib\site-packages\anyio\from_thread.py:259: in _call_func
    retval = await retval_or_awaitable
             ^^^^^^^^^^^^^^^^^^^^^^^^^
venv_test\Lib\site-packages\starlette\testclient.py:739: in wait_shutdown
    await receive()
venv_test\Lib\site-packages\starlette\testclient.py:729: in receive
    self.task.result()
C:\Program Files\WindowsApps\PythonSoftwareFoundation.Python.3.12_3.12.2800.0_x64__qbz5n2kfra8p0\Lib\concurrent\futures\_base.py:447: in result
    raise CancelledError()
E   concurrent.futures._base.CancelledError
----------------------------- Captured log setup ------------------------------
INFO     orchestrator:main.py:35 Starting Repo Orchestrator...
------------------------------ Captured log call ------------------------------
INFO     httpx:_client.py:1025 HTTP Request: GET http://testserver/ui/service/status "HTTP/1.1 200 OK"
---------------------------- Captured log teardown ----------------------------
INFO     orchestrator:main.py:52 Shutting down Repo Orchestrator...
______________ ERROR at teardown of test_service_restart_success ______________
tests\unit\test_routes.py:21: in client
    with TestClient(app) as c:
         ^^^^^^^^^^^^^^^
venv_test\Lib\site-packages\starlette\testclient.py:699: in __exit__
    self.exit_stack.close()
C:\Program Files\WindowsApps\PythonSoftwareFoundation.Python.3.12_3.12.2800.0_x64__qbz5n2kfra8p0\Lib\contextlib.py:618: in close
    self.__exit__(None, None, None)
C:\Program Files\WindowsApps\PythonSoftwareFoundation.Python.3.12_3.12.2800.0_x64__qbz5n2kfra8p0\Lib\contextlib.py:610: in __exit__
    raise exc_details[1]
C:\Program Files\WindowsApps\PythonSoftwareFoundation.Python.3.12_3.12.2800.0_x64__qbz5n2kfra8p0\Lib\contextlib.py:595: in __exit__
    if cb(*exc_details):
       ^^^^^^^^^^^^^^^^
C:\Program Files\WindowsApps\PythonSoftwareFoundation.Python.3.12_3.12.2800.0_x64__qbz5n2kfra8p0\Lib\contextlib.py:478: in _exit_wrapper
    callback(*args, **kwds)
venv_test\Lib\site-packages\starlette\testclient.py:692: in wait_shutdown
    portal.call(self.wait_shutdown)
venv_test\Lib\site-packages\anyio\from_thread.py:334: in call
    return cast(T_Retval, self.start_task_soon(func, *args).result())
                          ^^^^^^^^^^^^^^^^^^^^^^^^^^^^^^^^^^^^^^^^^^
C:\Program Files\WindowsApps\PythonSoftwareFoundation.Python.3.12_3.12.2800.0_x64__qbz5n2kfra8p0\Lib\concurrent\futures\_base.py:456: in result
    return self.__get_result()
           ^^^^^^^^^^^^^^^^^^^
C:\Program Files\WindowsApps\PythonSoftwareFoundation.Python.3.12_3.12.2800.0_x64__qbz5n2kfra8p0\Lib\concurrent\futures\_base.py:401: in __get_result
    raise self._exception
venv_test\Lib\site-packages\anyio\from_thread.py:259: in _call_func
    retval = await retval_or_awaitable
             ^^^^^^^^^^^^^^^^^^^^^^^^^
venv_test\Lib\site-packages\starlette\testclient.py:739: in wait_shutdown
    await receive()
venv_test\Lib\site-packages\starlette\testclient.py:729: in receive
    self.task.result()
C:\Program Files\WindowsApps\PythonSoftwareFoundation.Python.3.12_3.12.2800.0_x64__qbz5n2kfra8p0\Lib\concurrent\futures\_base.py:447: in result
    raise CancelledError()
E   concurrent.futures._base.CancelledError
----------------------------- Captured log setup ------------------------------
INFO     orchestrator:main.py:35 Starting Repo Orchestrator...
------------------------------ Captured log call ------------------------------
INFO     httpx:_client.py:1025 HTTP Request: POST http://testserver/ui/service/restart "HTTP/1.1 200 OK"
---------------------------- Captured log teardown ----------------------------
INFO     orchestrator:main.py:52 Shutting down Repo Orchestrator...
_______________ ERROR at teardown of test_service_restart_fail ________________
tests\unit\test_routes.py:21: in client
    with TestClient(app) as c:
         ^^^^^^^^^^^^^^^
venv_test\Lib\site-packages\starlette\testclient.py:699: in __exit__
    self.exit_stack.close()
C:\Program Files\WindowsApps\PythonSoftwareFoundation.Python.3.12_3.12.2800.0_x64__qbz5n2kfra8p0\Lib\contextlib.py:618: in close
    self.__exit__(None, None, None)
C:\Program Files\WindowsApps\PythonSoftwareFoundation.Python.3.12_3.12.2800.0_x64__qbz5n2kfra8p0\Lib\contextlib.py:610: in __exit__
    raise exc_details[1]
C:\Program Files\WindowsApps\PythonSoftwareFoundation.Python.3.12_3.12.2800.0_x64__qbz5n2kfra8p0\Lib\contextlib.py:595: in __exit__
    if cb(*exc_details):
       ^^^^^^^^^^^^^^^^
C:\Program Files\WindowsApps\PythonSoftwareFoundation.Python.3.12_3.12.2800.0_x64__qbz5n2kfra8p0\Lib\contextlib.py:478: in _exit_wrapper
    callback(*args, **kwds)
venv_test\Lib\site-packages\starlette\testclient.py:692: in wait_shutdown
    portal.call(self.wait_shutdown)
venv_test\Lib\site-packages\anyio\from_thread.py:334: in call
    return cast(T_Retval, self.start_task_soon(func, *args).result())
                          ^^^^^^^^^^^^^^^^^^^^^^^^^^^^^^^^^^^^^^^^^^
C:\Program Files\WindowsApps\PythonSoftwareFoundation.Python.3.12_3.12.2800.0_x64__qbz5n2kfra8p0\Lib\concurrent\futures\_base.py:456: in result
    return self.__get_result()
           ^^^^^^^^^^^^^^^^^^^
C:\Program Files\WindowsApps\PythonSoftwareFoundation.Python.3.12_3.12.2800.0_x64__qbz5n2kfra8p0\Lib\concurrent\futures\_base.py:401: in __get_result
    raise self._exception
venv_test\Lib\site-packages\anyio\from_thread.py:259: in _call_func
    retval = await retval_or_awaitable
             ^^^^^^^^^^^^^^^^^^^^^^^^^
venv_test\Lib\site-packages\starlette\testclient.py:739: in wait_shutdown
    await receive()
venv_test\Lib\site-packages\starlette\testclient.py:729: in receive
    self.task.result()
C:\Program Files\WindowsApps\PythonSoftwareFoundation.Python.3.12_3.12.2800.0_x64__qbz5n2kfra8p0\Lib\concurrent\futures\_base.py:447: in result
    raise CancelledError()
E   concurrent.futures._base.CancelledError
----------------------------- Captured log setup ------------------------------
INFO     orchestrator:main.py:35 Starting Repo Orchestrator...
------------------------------ Captured log call ------------------------------
INFO     httpx:_client.py:1025 HTTP Request: POST http://testserver/ui/service/restart "HTTP/1.1 500 Internal Server Error"
---------------------------- Captured log teardown ----------------------------
INFO     orchestrator:main.py:52 Shutting down Repo Orchestrator...
_______________ ERROR at teardown of test_service_stop_success ________________
tests\unit\test_routes.py:21: in client
    with TestClient(app) as c:
         ^^^^^^^^^^^^^^^
venv_test\Lib\site-packages\starlette\testclient.py:699: in __exit__
    self.exit_stack.close()
C:\Program Files\WindowsApps\PythonSoftwareFoundation.Python.3.12_3.12.2800.0_x64__qbz5n2kfra8p0\Lib\contextlib.py:618: in close
    self.__exit__(None, None, None)
C:\Program Files\WindowsApps\PythonSoftwareFoundation.Python.3.12_3.12.2800.0_x64__qbz5n2kfra8p0\Lib\contextlib.py:610: in __exit__
    raise exc_details[1]
C:\Program Files\WindowsApps\PythonSoftwareFoundation.Python.3.12_3.12.2800.0_x64__qbz5n2kfra8p0\Lib\contextlib.py:595: in __exit__
    if cb(*exc_details):
       ^^^^^^^^^^^^^^^^
C:\Program Files\WindowsApps\PythonSoftwareFoundation.Python.3.12_3.12.2800.0_x64__qbz5n2kfra8p0\Lib\contextlib.py:478: in _exit_wrapper
    callback(*args, **kwds)
venv_test\Lib\site-packages\starlette\testclient.py:692: in wait_shutdown
    portal.call(self.wait_shutdown)
venv_test\Lib\site-packages\anyio\from_thread.py:334: in call
    return cast(T_Retval, self.start_task_soon(func, *args).result())
                          ^^^^^^^^^^^^^^^^^^^^^^^^^^^^^^^^^^^^^^^^^^
C:\Program Files\WindowsApps\PythonSoftwareFoundation.Python.3.12_3.12.2800.0_x64__qbz5n2kfra8p0\Lib\concurrent\futures\_base.py:456: in result
    return self.__get_result()
           ^^^^^^^^^^^^^^^^^^^
C:\Program Files\WindowsApps\PythonSoftwareFoundation.Python.3.12_3.12.2800.0_x64__qbz5n2kfra8p0\Lib\concurrent\futures\_base.py:401: in __get_result
    raise self._exception
venv_test\Lib\site-packages\anyio\from_thread.py:259: in _call_func
    retval = await retval_or_awaitable
             ^^^^^^^^^^^^^^^^^^^^^^^^^
venv_test\Lib\site-packages\starlette\testclient.py:739: in wait_shutdown
    await receive()
venv_test\Lib\site-packages\starlette\testclient.py:729: in receive
    self.task.result()
C:\Program Files\WindowsApps\PythonSoftwareFoundation.Python.3.12_3.12.2800.0_x64__qbz5n2kfra8p0\Lib\concurrent\futures\_base.py:447: in result
    raise CancelledError()
E   concurrent.futures._base.CancelledError
----------------------------- Captured log setup ------------------------------
INFO     orchestrator:main.py:35 Starting Repo Orchestrator...
------------------------------ Captured log call ------------------------------
INFO     httpx:_client.py:1025 HTTP Request: POST http://testserver/ui/service/stop "HTTP/1.1 200 OK"
---------------------------- Captured log teardown ----------------------------
INFO     orchestrator:main.py:52 Shutting down Repo Orchestrator...
_________________ ERROR at teardown of test_service_stop_fail _________________
tests\unit\test_routes.py:21: in client
    with TestClient(app) as c:
         ^^^^^^^^^^^^^^^
venv_test\Lib\site-packages\starlette\testclient.py:699: in __exit__
    self.exit_stack.close()
C:\Program Files\WindowsApps\PythonSoftwareFoundation.Python.3.12_3.12.2800.0_x64__qbz5n2kfra8p0\Lib\contextlib.py:618: in close
    self.__exit__(None, None, None)
C:\Program Files\WindowsApps\PythonSoftwareFoundation.Python.3.12_3.12.2800.0_x64__qbz5n2kfra8p0\Lib\contextlib.py:610: in __exit__
    raise exc_details[1]
C:\Program Files\WindowsApps\PythonSoftwareFoundation.Python.3.12_3.12.2800.0_x64__qbz5n2kfra8p0\Lib\contextlib.py:595: in __exit__
    if cb(*exc_details):
       ^^^^^^^^^^^^^^^^
C:\Program Files\WindowsApps\PythonSoftwareFoundation.Python.3.12_3.12.2800.0_x64__qbz5n2kfra8p0\Lib\contextlib.py:478: in _exit_wrapper
    callback(*args, **kwds)
venv_test\Lib\site-packages\starlette\testclient.py:692: in wait_shutdown
    portal.call(self.wait_shutdown)
venv_test\Lib\site-packages\anyio\from_thread.py:334: in call
    return cast(T_Retval, self.start_task_soon(func, *args).result())
                          ^^^^^^^^^^^^^^^^^^^^^^^^^^^^^^^^^^^^^^^^^^
C:\Program Files\WindowsApps\PythonSoftwareFoundation.Python.3.12_3.12.2800.0_x64__qbz5n2kfra8p0\Lib\concurrent\futures\_base.py:456: in result
    return self.__get_result()
           ^^^^^^^^^^^^^^^^^^^
C:\Program Files\WindowsApps\PythonSoftwareFoundation.Python.3.12_3.12.2800.0_x64__qbz5n2kfra8p0\Lib\concurrent\futures\_base.py:401: in __get_result
    raise self._exception
venv_test\Lib\site-packages\anyio\from_thread.py:259: in _call_func
    retval = await retval_or_awaitable
             ^^^^^^^^^^^^^^^^^^^^^^^^^
venv_test\Lib\site-packages\starlette\testclient.py:739: in wait_shutdown
    await receive()
venv_test\Lib\site-packages\starlette\testclient.py:729: in receive
    self.task.result()
C:\Program Files\WindowsApps\PythonSoftwareFoundation.Python.3.12_3.12.2800.0_x64__qbz5n2kfra8p0\Lib\concurrent\futures\_base.py:447: in result
    raise CancelledError()
E   concurrent.futures._base.CancelledError
----------------------------- Captured log setup ------------------------------
INFO     orchestrator:main.py:35 Starting Repo Orchestrator...
------------------------------ Captured log call ------------------------------
INFO     httpx:_client.py:1025 HTTP Request: POST http://testserver/ui/service/stop "HTTP/1.1 500 Internal Server Error"
---------------------------- Captured log teardown ----------------------------
INFO     orchestrator:main.py:52 Shutting down Repo Orchestrator...
______________ ERROR at teardown of test_vitaminize_repo_success ______________
tests\unit\test_routes.py:21: in client
    with TestClient(app) as c:
         ^^^^^^^^^^^^^^^
venv_test\Lib\site-packages\starlette\testclient.py:699: in __exit__
    self.exit_stack.close()
C:\Program Files\WindowsApps\PythonSoftwareFoundation.Python.3.12_3.12.2800.0_x64__qbz5n2kfra8p0\Lib\contextlib.py:618: in close
    self.__exit__(None, None, None)
C:\Program Files\WindowsApps\PythonSoftwareFoundation.Python.3.12_3.12.2800.0_x64__qbz5n2kfra8p0\Lib\contextlib.py:610: in __exit__
    raise exc_details[1]
C:\Program Files\WindowsApps\PythonSoftwareFoundation.Python.3.12_3.12.2800.0_x64__qbz5n2kfra8p0\Lib\contextlib.py:595: in __exit__
    if cb(*exc_details):
       ^^^^^^^^^^^^^^^^
C:\Program Files\WindowsApps\PythonSoftwareFoundation.Python.3.12_3.12.2800.0_x64__qbz5n2kfra8p0\Lib\contextlib.py:478: in _exit_wrapper
    callback(*args, **kwds)
venv_test\Lib\site-packages\starlette\testclient.py:692: in wait_shutdown
    portal.call(self.wait_shutdown)
venv_test\Lib\site-packages\anyio\from_thread.py:334: in call
    return cast(T_Retval, self.start_task_soon(func, *args).result())
                          ^^^^^^^^^^^^^^^^^^^^^^^^^^^^^^^^^^^^^^^^^^
C:\Program Files\WindowsApps\PythonSoftwareFoundation.Python.3.12_3.12.2800.0_x64__qbz5n2kfra8p0\Lib\concurrent\futures\_base.py:456: in result
    return self.__get_result()
           ^^^^^^^^^^^^^^^^^^^
C:\Program Files\WindowsApps\PythonSoftwareFoundation.Python.3.12_3.12.2800.0_x64__qbz5n2kfra8p0\Lib\concurrent\futures\_base.py:401: in __get_result
    raise self._exception
venv_test\Lib\site-packages\anyio\from_thread.py:259: in _call_func
    retval = await retval_or_awaitable
             ^^^^^^^^^^^^^^^^^^^^^^^^^
venv_test\Lib\site-packages\starlette\testclient.py:739: in wait_shutdown
    await receive()
venv_test\Lib\site-packages\starlette\testclient.py:729: in receive
    self.task.result()
C:\Program Files\WindowsApps\PythonSoftwareFoundation.Python.3.12_3.12.2800.0_x64__qbz5n2kfra8p0\Lib\concurrent\futures\_base.py:447: in result
    raise CancelledError()
E   concurrent.futures._base.CancelledError
----------------------------- Captured log setup ------------------------------
INFO     orchestrator:main.py:35 Starting Repo Orchestrator...
------------------------------ Captured log call ------------------------------
INFO     root:audit.py:47 OP:READ | PATH:REPO | RANGE:VITAMINIZE | HASH:C:\Users\shilo\AppData\Local\Temp\pytest-of-shilo\pytest-57\test_vitaminize_repo_success0\v-repo | ACTOR:test-user
INFO     httpx:_client.py:1025 HTTP Request: POST http://testserver/ui/repos/vitaminize?path=C:\Users\shilo\AppData\Local\Temp\pytest-of-shilo\pytest-57\test_vitaminize_repo_success0\v-repo "HTTP/1.1 200 OK"
---------------------------- Captured log teardown ----------------------------
INFO     orchestrator:main.py:52 Shutting down Repo Orchestrator...
___________ ERROR at teardown of test_vitaminize_repo_fail_outside ____________
tests\unit\test_routes.py:21: in client
    with TestClient(app) as c:
         ^^^^^^^^^^^^^^^
venv_test\Lib\site-packages\starlette\testclient.py:699: in __exit__
    self.exit_stack.close()
C:\Program Files\WindowsApps\PythonSoftwareFoundation.Python.3.12_3.12.2800.0_x64__qbz5n2kfra8p0\Lib\contextlib.py:618: in close
    self.__exit__(None, None, None)
C:\Program Files\WindowsApps\PythonSoftwareFoundation.Python.3.12_3.12.2800.0_x64__qbz5n2kfra8p0\Lib\contextlib.py:610: in __exit__
    raise exc_details[1]
C:\Program Files\WindowsApps\PythonSoftwareFoundation.Python.3.12_3.12.2800.0_x64__qbz5n2kfra8p0\Lib\contextlib.py:595: in __exit__
    if cb(*exc_details):
       ^^^^^^^^^^^^^^^^
C:\Program Files\WindowsApps\PythonSoftwareFoundation.Python.3.12_3.12.2800.0_x64__qbz5n2kfra8p0\Lib\contextlib.py:478: in _exit_wrapper
    callback(*args, **kwds)
venv_test\Lib\site-packages\starlette\testclient.py:692: in wait_shutdown
    portal.call(self.wait_shutdown)
venv_test\Lib\site-packages\anyio\from_thread.py:334: in call
    return cast(T_Retval, self.start_task_soon(func, *args).result())
                          ^^^^^^^^^^^^^^^^^^^^^^^^^^^^^^^^^^^^^^^^^^
C:\Program Files\WindowsApps\PythonSoftwareFoundation.Python.3.12_3.12.2800.0_x64__qbz5n2kfra8p0\Lib\concurrent\futures\_base.py:456: in result
    return self.__get_result()
           ^^^^^^^^^^^^^^^^^^^
C:\Program Files\WindowsApps\PythonSoftwareFoundation.Python.3.12_3.12.2800.0_x64__qbz5n2kfra8p0\Lib\concurrent\futures\_base.py:401: in __get_result
    raise self._exception
venv_test\Lib\site-packages\anyio\from_thread.py:259: in _call_func
    retval = await retval_or_awaitable
             ^^^^^^^^^^^^^^^^^^^^^^^^^
venv_test\Lib\site-packages\starlette\testclient.py:739: in wait_shutdown
    await receive()
venv_test\Lib\site-packages\starlette\testclient.py:729: in receive
    self.task.result()
C:\Program Files\WindowsApps\PythonSoftwareFoundation.Python.3.12_3.12.2800.0_x64__qbz5n2kfra8p0\Lib\concurrent\futures\_base.py:447: in result
    raise CancelledError()
E   concurrent.futures._base.CancelledError
----------------------------- Captured log setup ------------------------------
INFO     orchestrator:main.py:35 Starting Repo Orchestrator...
------------------------------ Captured log call ------------------------------
INFO     httpx:_client.py:1025 HTTP Request: POST http://testserver/ui/repos/vitaminize?path=C:\Users\shilo\AppData\Local\Temp\pytest-of-shilo\pytest-57\test_vitaminize_repo_fail_outs0\outside "HTTP/1.1 400 Bad Request"
---------------------------- Captured log teardown ----------------------------
INFO     orchestrator:main.py:52 Shutting down Repo Orchestrator...
__________ ERROR at teardown of test_vitaminize_repo_fail_not_found ___________
tests\unit\test_routes.py:21: in client
    with TestClient(app) as c:
         ^^^^^^^^^^^^^^^
venv_test\Lib\site-packages\starlette\testclient.py:699: in __exit__
    self.exit_stack.close()
C:\Program Files\WindowsApps\PythonSoftwareFoundation.Python.3.12_3.12.2800.0_x64__qbz5n2kfra8p0\Lib\contextlib.py:618: in close
    self.__exit__(None, None, None)
C:\Program Files\WindowsApps\PythonSoftwareFoundation.Python.3.12_3.12.2800.0_x64__qbz5n2kfra8p0\Lib\contextlib.py:610: in __exit__
    raise exc_details[1]
C:\Program Files\WindowsApps\PythonSoftwareFoundation.Python.3.12_3.12.2800.0_x64__qbz5n2kfra8p0\Lib\contextlib.py:595: in __exit__
    if cb(*exc_details):
       ^^^^^^^^^^^^^^^^
C:\Program Files\WindowsApps\PythonSoftwareFoundation.Python.3.12_3.12.2800.0_x64__qbz5n2kfra8p0\Lib\contextlib.py:478: in _exit_wrapper
    callback(*args, **kwds)
venv_test\Lib\site-packages\starlette\testclient.py:692: in wait_shutdown
    portal.call(self.wait_shutdown)
venv_test\Lib\site-packages\anyio\from_thread.py:334: in call
    return cast(T_Retval, self.start_task_soon(func, *args).result())
                          ^^^^^^^^^^^^^^^^^^^^^^^^^^^^^^^^^^^^^^^^^^
C:\Program Files\WindowsApps\PythonSoftwareFoundation.Python.3.12_3.12.2800.0_x64__qbz5n2kfra8p0\Lib\concurrent\futures\_base.py:456: in result
    return self.__get_result()
           ^^^^^^^^^^^^^^^^^^^
C:\Program Files\WindowsApps\PythonSoftwareFoundation.Python.3.12_3.12.2800.0_x64__qbz5n2kfra8p0\Lib\concurrent\futures\_base.py:401: in __get_result
    raise self._exception
venv_test\Lib\site-packages\anyio\from_thread.py:259: in _call_func
    retval = await retval_or_awaitable
             ^^^^^^^^^^^^^^^^^^^^^^^^^
venv_test\Lib\site-packages\starlette\testclient.py:739: in wait_shutdown
    await receive()
venv_test\Lib\site-packages\starlette\testclient.py:729: in receive
    self.task.result()
C:\Program Files\WindowsApps\PythonSoftwareFoundation.Python.3.12_3.12.2800.0_x64__qbz5n2kfra8p0\Lib\concurrent\futures\_base.py:447: in result
    raise CancelledError()
E   concurrent.futures._base.CancelledError
----------------------------- Captured log setup ------------------------------
INFO     orchestrator:main.py:35 Starting Repo Orchestrator...
------------------------------ Captured log call ------------------------------
INFO     httpx:_client.py:1025 HTTP Request: POST http://testserver/ui/repos/vitaminize?path=C:\Users\shilo\AppData\Local\Temp\pytest-of-shilo\pytest-57\test_vitaminize_repo_fail_not_0\none "HTTP/1.1 404 Not Found"
---------------------------- Captured log teardown ----------------------------
INFO     orchestrator:main.py:52 Shutting down Repo Orchestrator...
_________________ ERROR at teardown of test_get_tree_success __________________
tests\unit\test_routes.py:21: in client
    with TestClient(app) as c:
         ^^^^^^^^^^^^^^^
venv_test\Lib\site-packages\starlette\testclient.py:699: in __exit__
    self.exit_stack.close()
C:\Program Files\WindowsApps\PythonSoftwareFoundation.Python.3.12_3.12.2800.0_x64__qbz5n2kfra8p0\Lib\contextlib.py:618: in close
    self.__exit__(None, None, None)
C:\Program Files\WindowsApps\PythonSoftwareFoundation.Python.3.12_3.12.2800.0_x64__qbz5n2kfra8p0\Lib\contextlib.py:610: in __exit__
    raise exc_details[1]
C:\Program Files\WindowsApps\PythonSoftwareFoundation.Python.3.12_3.12.2800.0_x64__qbz5n2kfra8p0\Lib\contextlib.py:595: in __exit__
    if cb(*exc_details):
       ^^^^^^^^^^^^^^^^
C:\Program Files\WindowsApps\PythonSoftwareFoundation.Python.3.12_3.12.2800.0_x64__qbz5n2kfra8p0\Lib\contextlib.py:478: in _exit_wrapper
    callback(*args, **kwds)
venv_test\Lib\site-packages\starlette\testclient.py:692: in wait_shutdown
    portal.call(self.wait_shutdown)
venv_test\Lib\site-packages\anyio\from_thread.py:334: in call
    return cast(T_Retval, self.start_task_soon(func, *args).result())
                          ^^^^^^^^^^^^^^^^^^^^^^^^^^^^^^^^^^^^^^^^^^
C:\Program Files\WindowsApps\PythonSoftwareFoundation.Python.3.12_3.12.2800.0_x64__qbz5n2kfra8p0\Lib\concurrent\futures\_base.py:456: in result
    return self.__get_result()
           ^^^^^^^^^^^^^^^^^^^
C:\Program Files\WindowsApps\PythonSoftwareFoundation.Python.3.12_3.12.2800.0_x64__qbz5n2kfra8p0\Lib\concurrent\futures\_base.py:401: in __get_result
    raise self._exception
venv_test\Lib\site-packages\anyio\from_thread.py:259: in _call_func
    retval = await retval_or_awaitable
             ^^^^^^^^^^^^^^^^^^^^^^^^^
venv_test\Lib\site-packages\starlette\testclient.py:739: in wait_shutdown
    await receive()
venv_test\Lib\site-packages\starlette\testclient.py:729: in receive
    self.task.result()
C:\Program Files\WindowsApps\PythonSoftwareFoundation.Python.3.12_3.12.2800.0_x64__qbz5n2kfra8p0\Lib\concurrent\futures\_base.py:447: in result
    raise CancelledError()
E   concurrent.futures._base.CancelledError
----------------------------- Captured log setup ------------------------------
INFO     orchestrator:main.py:35 Starting Repo Orchestrator...
------------------------------ Captured log call ------------------------------
INFO     httpx:_client.py:1025 HTTP Request: GET http://testserver/tree?path=. "HTTP/1.1 200 OK"
---------------------------- Captured log teardown ----------------------------
INFO     orchestrator:main.py:52 Shutting down Repo Orchestrator...
_____________ ERROR at teardown of test_get_tree_allowlist_branch _____________
tests\unit\test_routes.py:21: in client
    with TestClient(app) as c:
         ^^^^^^^^^^^^^^^
venv_test\Lib\site-packages\starlette\testclient.py:699: in __exit__
    self.exit_stack.close()
C:\Program Files\WindowsApps\PythonSoftwareFoundation.Python.3.12_3.12.2800.0_x64__qbz5n2kfra8p0\Lib\contextlib.py:618: in close
    self.__exit__(None, None, None)
C:\Program Files\WindowsApps\PythonSoftwareFoundation.Python.3.12_3.12.2800.0_x64__qbz5n2kfra8p0\Lib\contextlib.py:610: in __exit__
    raise exc_details[1]
C:\Program Files\WindowsApps\PythonSoftwareFoundation.Python.3.12_3.12.2800.0_x64__qbz5n2kfra8p0\Lib\contextlib.py:595: in __exit__
    if cb(*exc_details):
       ^^^^^^^^^^^^^^^^
C:\Program Files\WindowsApps\PythonSoftwareFoundation.Python.3.12_3.12.2800.0_x64__qbz5n2kfra8p0\Lib\contextlib.py:478: in _exit_wrapper
    callback(*args, **kwds)
venv_test\Lib\site-packages\starlette\testclient.py:692: in wait_shutdown
    portal.call(self.wait_shutdown)
venv_test\Lib\site-packages\anyio\from_thread.py:334: in call
    return cast(T_Retval, self.start_task_soon(func, *args).result())
                          ^^^^^^^^^^^^^^^^^^^^^^^^^^^^^^^^^^^^^^^^^^
C:\Program Files\WindowsApps\PythonSoftwareFoundation.Python.3.12_3.12.2800.0_x64__qbz5n2kfra8p0\Lib\concurrent\futures\_base.py:456: in result
    return self.__get_result()
           ^^^^^^^^^^^^^^^^^^^
C:\Program Files\WindowsApps\PythonSoftwareFoundation.Python.3.12_3.12.2800.0_x64__qbz5n2kfra8p0\Lib\concurrent\futures\_base.py:401: in __get_result
    raise self._exception
venv_test\Lib\site-packages\anyio\from_thread.py:259: in _call_func
    retval = await retval_or_awaitable
             ^^^^^^^^^^^^^^^^^^^^^^^^^
venv_test\Lib\site-packages\starlette\testclient.py:739: in wait_shutdown
    await receive()
venv_test\Lib\site-packages\starlette\testclient.py:729: in receive
    self.task.result()
C:\Program Files\WindowsApps\PythonSoftwareFoundation.Python.3.12_3.12.2800.0_x64__qbz5n2kfra8p0\Lib\concurrent\futures\_base.py:447: in result
    raise CancelledError()
E   concurrent.futures._base.CancelledError
----------------------------- Captured log setup ------------------------------
INFO     orchestrator:main.py:35 Starting Repo Orchestrator...
------------------------------ Captured log call ------------------------------
INFO     httpx:_client.py:1025 HTTP Request: GET http://testserver/tree?path=. "HTTP/1.1 200 OK"
---------------------------- Captured log teardown ----------------------------
INFO     orchestrator:main.py:52 Shutting down Repo Orchestrator...
_________________ ERROR at teardown of test_get_tree_not_dir __________________
tests\unit\test_routes.py:21: in client
    with TestClient(app) as c:
         ^^^^^^^^^^^^^^^
venv_test\Lib\site-packages\starlette\testclient.py:699: in __exit__
    self.exit_stack.close()
C:\Program Files\WindowsApps\PythonSoftwareFoundation.Python.3.12_3.12.2800.0_x64__qbz5n2kfra8p0\Lib\contextlib.py:618: in close
    self.__exit__(None, None, None)
C:\Program Files\WindowsApps\PythonSoftwareFoundation.Python.3.12_3.12.2800.0_x64__qbz5n2kfra8p0\Lib\contextlib.py:610: in __exit__
    raise exc_details[1]
C:\Program Files\WindowsApps\PythonSoftwareFoundation.Python.3.12_3.12.2800.0_x64__qbz5n2kfra8p0\Lib\contextlib.py:595: in __exit__
    if cb(*exc_details):
       ^^^^^^^^^^^^^^^^
C:\Program Files\WindowsApps\PythonSoftwareFoundation.Python.3.12_3.12.2800.0_x64__qbz5n2kfra8p0\Lib\contextlib.py:478: in _exit_wrapper
    callback(*args, **kwds)
venv_test\Lib\site-packages\starlette\testclient.py:692: in wait_shutdown
    portal.call(self.wait_shutdown)
venv_test\Lib\site-packages\anyio\from_thread.py:334: in call
    return cast(T_Retval, self.start_task_soon(func, *args).result())
                          ^^^^^^^^^^^^^^^^^^^^^^^^^^^^^^^^^^^^^^^^^^
C:\Program Files\WindowsApps\PythonSoftwareFoundation.Python.3.12_3.12.2800.0_x64__qbz5n2kfra8p0\Lib\concurrent\futures\_base.py:456: in result
    return self.__get_result()
           ^^^^^^^^^^^^^^^^^^^
C:\Program Files\WindowsApps\PythonSoftwareFoundation.Python.3.12_3.12.2800.0_x64__qbz5n2kfra8p0\Lib\concurrent\futures\_base.py:401: in __get_result
    raise self._exception
venv_test\Lib\site-packages\anyio\from_thread.py:259: in _call_func
    retval = await retval_or_awaitable
             ^^^^^^^^^^^^^^^^^^^^^^^^^
venv_test\Lib\site-packages\starlette\testclient.py:739: in wait_shutdown
    await receive()
venv_test\Lib\site-packages\starlette\testclient.py:729: in receive
    self.task.result()
C:\Program Files\WindowsApps\PythonSoftwareFoundation.Python.3.12_3.12.2800.0_x64__qbz5n2kfra8p0\Lib\concurrent\futures\_base.py:447: in result
    raise CancelledError()
E   concurrent.futures._base.CancelledError
----------------------------- Captured log setup ------------------------------
INFO     orchestrator:main.py:35 Starting Repo Orchestrator...
------------------------------ Captured log call ------------------------------
INFO     httpx:_client.py:1025 HTTP Request: GET http://testserver/tree?path=f.txt "HTTP/1.1 400 Bad Request"
---------------------------- Captured log teardown ----------------------------
INFO     orchestrator:main.py:52 Shutting down Repo Orchestrator...
_________________ ERROR at teardown of test_get_file_success __________________
tests\unit\test_routes.py:21: in client
    with TestClient(app) as c:
         ^^^^^^^^^^^^^^^
venv_test\Lib\site-packages\starlette\testclient.py:699: in __exit__
    self.exit_stack.close()
C:\Program Files\WindowsApps\PythonSoftwareFoundation.Python.3.12_3.12.2800.0_x64__qbz5n2kfra8p0\Lib\contextlib.py:618: in close
    self.__exit__(None, None, None)
C:\Program Files\WindowsApps\PythonSoftwareFoundation.Python.3.12_3.12.2800.0_x64__qbz5n2kfra8p0\Lib\contextlib.py:610: in __exit__
    raise exc_details[1]
C:\Program Files\WindowsApps\PythonSoftwareFoundation.Python.3.12_3.12.2800.0_x64__qbz5n2kfra8p0\Lib\contextlib.py:595: in __exit__
    if cb(*exc_details):
       ^^^^^^^^^^^^^^^^
C:\Program Files\WindowsApps\PythonSoftwareFoundation.Python.3.12_3.12.2800.0_x64__qbz5n2kfra8p0\Lib\contextlib.py:478: in _exit_wrapper
    callback(*args, **kwds)
venv_test\Lib\site-packages\starlette\testclient.py:692: in wait_shutdown
    portal.call(self.wait_shutdown)
venv_test\Lib\site-packages\anyio\from_thread.py:334: in call
    return cast(T_Retval, self.start_task_soon(func, *args).result())
                          ^^^^^^^^^^^^^^^^^^^^^^^^^^^^^^^^^^^^^^^^^^
C:\Program Files\WindowsApps\PythonSoftwareFoundation.Python.3.12_3.12.2800.0_x64__qbz5n2kfra8p0\Lib\concurrent\futures\_base.py:456: in result
    return self.__get_result()
           ^^^^^^^^^^^^^^^^^^^
C:\Program Files\WindowsApps\PythonSoftwareFoundation.Python.3.12_3.12.2800.0_x64__qbz5n2kfra8p0\Lib\concurrent\futures\_base.py:401: in __get_result
    raise self._exception
venv_test\Lib\site-packages\anyio\from_thread.py:259: in _call_func
    retval = await retval_or_awaitable
             ^^^^^^^^^^^^^^^^^^^^^^^^^
venv_test\Lib\site-packages\starlette\testclient.py:739: in wait_shutdown
    await receive()
venv_test\Lib\site-packages\starlette\testclient.py:729: in receive
    self.task.result()
C:\Program Files\WindowsApps\PythonSoftwareFoundation.Python.3.12_3.12.2800.0_x64__qbz5n2kfra8p0\Lib\concurrent\futures\_base.py:447: in result
    raise CancelledError()
E   concurrent.futures._base.CancelledError
----------------------------- Captured log setup ------------------------------
INFO     orchestrator:main.py:35 Starting Repo Orchestrator...
------------------------------ Captured log call ------------------------------
INFO     httpx:_client.py:1025 HTTP Request: GET http://testserver/file?path=test.py "HTTP/1.1 200 OK"
---------------------------- Captured log teardown ----------------------------
INFO     orchestrator:main.py:52 Shutting down Repo Orchestrator...
________________ ERROR at teardown of test_get_file_too_large _________________
tests\unit\test_routes.py:21: in client
    with TestClient(app) as c:
         ^^^^^^^^^^^^^^^
venv_test\Lib\site-packages\starlette\testclient.py:699: in __exit__
    self.exit_stack.close()
C:\Program Files\WindowsApps\PythonSoftwareFoundation.Python.3.12_3.12.2800.0_x64__qbz5n2kfra8p0\Lib\contextlib.py:618: in close
    self.__exit__(None, None, None)
C:\Program Files\WindowsApps\PythonSoftwareFoundation.Python.3.12_3.12.2800.0_x64__qbz5n2kfra8p0\Lib\contextlib.py:610: in __exit__
    raise exc_details[1]
C:\Program Files\WindowsApps\PythonSoftwareFoundation.Python.3.12_3.12.2800.0_x64__qbz5n2kfra8p0\Lib\contextlib.py:595: in __exit__
    if cb(*exc_details):
       ^^^^^^^^^^^^^^^^
C:\Program Files\WindowsApps\PythonSoftwareFoundation.Python.3.12_3.12.2800.0_x64__qbz5n2kfra8p0\Lib\contextlib.py:478: in _exit_wrapper
    callback(*args, **kwds)
venv_test\Lib\site-packages\starlette\testclient.py:692: in wait_shutdown
    portal.call(self.wait_shutdown)
venv_test\Lib\site-packages\anyio\from_thread.py:334: in call
    return cast(T_Retval, self.start_task_soon(func, *args).result())
                          ^^^^^^^^^^^^^^^^^^^^^^^^^^^^^^^^^^^^^^^^^^
C:\Program Files\WindowsApps\PythonSoftwareFoundation.Python.3.12_3.12.2800.0_x64__qbz5n2kfra8p0\Lib\concurrent\futures\_base.py:456: in result
    return self.__get_result()
           ^^^^^^^^^^^^^^^^^^^
C:\Program Files\WindowsApps\PythonSoftwareFoundation.Python.3.12_3.12.2800.0_x64__qbz5n2kfra8p0\Lib\concurrent\futures\_base.py:401: in __get_result
    raise self._exception
venv_test\Lib\site-packages\anyio\from_thread.py:259: in _call_func
    retval = await retval_or_awaitable
             ^^^^^^^^^^^^^^^^^^^^^^^^^
venv_test\Lib\site-packages\starlette\testclient.py:739: in wait_shutdown
    await receive()
venv_test\Lib\site-packages\starlette\testclient.py:729: in receive
    self.task.result()
C:\Program Files\WindowsApps\PythonSoftwareFoundation.Python.3.12_3.12.2800.0_x64__qbz5n2kfra8p0\Lib\concurrent\futures\_base.py:447: in result
    raise CancelledError()
E   concurrent.futures._base.CancelledError
----------------------------- Captured log setup ------------------------------
INFO     orchestrator:main.py:35 Starting Repo Orchestrator...
------------------------------ Captured log call ------------------------------
INFO     httpx:_client.py:1025 HTTP Request: GET http://testserver/file?path=large.py "HTTP/1.1 413 Request Entity Too Large"
---------------------------- Captured log teardown ----------------------------
INFO     orchestrator:main.py:52 Shutting down Repo Orchestrator...
_________________ ERROR at teardown of test_get_file_not_file _________________
tests\unit\test_routes.py:21: in client
    with TestClient(app) as c:
         ^^^^^^^^^^^^^^^
venv_test\Lib\site-packages\starlette\testclient.py:699: in __exit__
    self.exit_stack.close()
C:\Program Files\WindowsApps\PythonSoftwareFoundation.Python.3.12_3.12.2800.0_x64__qbz5n2kfra8p0\Lib\contextlib.py:618: in close
    self.__exit__(None, None, None)
C:\Program Files\WindowsApps\PythonSoftwareFoundation.Python.3.12_3.12.2800.0_x64__qbz5n2kfra8p0\Lib\contextlib.py:610: in __exit__
    raise exc_details[1]
C:\Program Files\WindowsApps\PythonSoftwareFoundation.Python.3.12_3.12.2800.0_x64__qbz5n2kfra8p0\Lib\contextlib.py:595: in __exit__
    if cb(*exc_details):
       ^^^^^^^^^^^^^^^^
C:\Program Files\WindowsApps\PythonSoftwareFoundation.Python.3.12_3.12.2800.0_x64__qbz5n2kfra8p0\Lib\contextlib.py:478: in _exit_wrapper
    callback(*args, **kwds)
venv_test\Lib\site-packages\starlette\testclient.py:692: in wait_shutdown
    portal.call(self.wait_shutdown)
venv_test\Lib\site-packages\anyio\from_thread.py:334: in call
    return cast(T_Retval, self.start_task_soon(func, *args).result())
                          ^^^^^^^^^^^^^^^^^^^^^^^^^^^^^^^^^^^^^^^^^^
C:\Program Files\WindowsApps\PythonSoftwareFoundation.Python.3.12_3.12.2800.0_x64__qbz5n2kfra8p0\Lib\concurrent\futures\_base.py:456: in result
    return self.__get_result()
           ^^^^^^^^^^^^^^^^^^^
C:\Program Files\WindowsApps\PythonSoftwareFoundation.Python.3.12_3.12.2800.0_x64__qbz5n2kfra8p0\Lib\concurrent\futures\_base.py:401: in __get_result
    raise self._exception
venv_test\Lib\site-packages\anyio\from_thread.py:259: in _call_func
    retval = await retval_or_awaitable
             ^^^^^^^^^^^^^^^^^^^^^^^^^
venv_test\Lib\site-packages\starlette\testclient.py:739: in wait_shutdown
    await receive()
venv_test\Lib\site-packages\starlette\testclient.py:729: in receive
    self.task.result()
C:\Program Files\WindowsApps\PythonSoftwareFoundation.Python.3.12_3.12.2800.0_x64__qbz5n2kfra8p0\Lib\concurrent\futures\_base.py:447: in result
    raise CancelledError()
E   concurrent.futures._base.CancelledError
----------------------------- Captured log setup ------------------------------
INFO     orchestrator:main.py:35 Starting Repo Orchestrator...
------------------------------ Captured log call ------------------------------
INFO     httpx:_client.py:1025 HTTP Request: GET http://testserver/file?path=. "HTTP/1.1 400 Bad Request"
---------------------------- Captured log teardown ----------------------------
INFO     orchestrator:main.py:52 Shutting down Repo Orchestrator...
________________ ERROR at teardown of test_get_file_exception _________________
tests\unit\test_routes.py:21: in client
    with TestClient(app) as c:
         ^^^^^^^^^^^^^^^
venv_test\Lib\site-packages\starlette\testclient.py:699: in __exit__
    self.exit_stack.close()
C:\Program Files\WindowsApps\PythonSoftwareFoundation.Python.3.12_3.12.2800.0_x64__qbz5n2kfra8p0\Lib\contextlib.py:618: in close
    self.__exit__(None, None, None)
C:\Program Files\WindowsApps\PythonSoftwareFoundation.Python.3.12_3.12.2800.0_x64__qbz5n2kfra8p0\Lib\contextlib.py:610: in __exit__
    raise exc_details[1]
C:\Program Files\WindowsApps\PythonSoftwareFoundation.Python.3.12_3.12.2800.0_x64__qbz5n2kfra8p0\Lib\contextlib.py:595: in __exit__
    if cb(*exc_details):
       ^^^^^^^^^^^^^^^^
C:\Program Files\WindowsApps\PythonSoftwareFoundation.Python.3.12_3.12.2800.0_x64__qbz5n2kfra8p0\Lib\contextlib.py:478: in _exit_wrapper
    callback(*args, **kwds)
venv_test\Lib\site-packages\starlette\testclient.py:692: in wait_shutdown
    portal.call(self.wait_shutdown)
venv_test\Lib\site-packages\anyio\from_thread.py:334: in call
    return cast(T_Retval, self.start_task_soon(func, *args).result())
                          ^^^^^^^^^^^^^^^^^^^^^^^^^^^^^^^^^^^^^^^^^^
C:\Program Files\WindowsApps\PythonSoftwareFoundation.Python.3.12_3.12.2800.0_x64__qbz5n2kfra8p0\Lib\concurrent\futures\_base.py:456: in result
    return self.__get_result()
           ^^^^^^^^^^^^^^^^^^^
C:\Program Files\WindowsApps\PythonSoftwareFoundation.Python.3.12_3.12.2800.0_x64__qbz5n2kfra8p0\Lib\concurrent\futures\_base.py:401: in __get_result
    raise self._exception
venv_test\Lib\site-packages\anyio\from_thread.py:259: in _call_func
    retval = await retval_or_awaitable
             ^^^^^^^^^^^^^^^^^^^^^^^^^
venv_test\Lib\site-packages\starlette\testclient.py:739: in wait_shutdown
    await receive()
venv_test\Lib\site-packages\starlette\testclient.py:729: in receive
    self.task.result()
C:\Program Files\WindowsApps\PythonSoftwareFoundation.Python.3.12_3.12.2800.0_x64__qbz5n2kfra8p0\Lib\concurrent\futures\_base.py:447: in result
    raise CancelledError()
E   concurrent.futures._base.CancelledError
----------------------------- Captured log setup ------------------------------
INFO     orchestrator:main.py:35 Starting Repo Orchestrator...
------------------------------ Captured log call ------------------------------
INFO     httpx:_client.py:1025 HTTP Request: GET http://testserver/file?path=test.py "HTTP/1.1 500 Internal Server Error"
---------------------------- Captured log teardown ----------------------------
INFO     orchestrator:main.py:52 Shutting down Repo Orchestrator...
______________________ ERROR at teardown of test_search _______________________
tests\unit\test_routes.py:21: in client
    with TestClient(app) as c:
         ^^^^^^^^^^^^^^^
venv_test\Lib\site-packages\starlette\testclient.py:699: in __exit__
    self.exit_stack.close()
C:\Program Files\WindowsApps\PythonSoftwareFoundation.Python.3.12_3.12.2800.0_x64__qbz5n2kfra8p0\Lib\contextlib.py:618: in close
    self.__exit__(None, None, None)
C:\Program Files\WindowsApps\PythonSoftwareFoundation.Python.3.12_3.12.2800.0_x64__qbz5n2kfra8p0\Lib\contextlib.py:610: in __exit__
    raise exc_details[1]
C:\Program Files\WindowsApps\PythonSoftwareFoundation.Python.3.12_3.12.2800.0_x64__qbz5n2kfra8p0\Lib\contextlib.py:595: in __exit__
    if cb(*exc_details):
       ^^^^^^^^^^^^^^^^
C:\Program Files\WindowsApps\PythonSoftwareFoundation.Python.3.12_3.12.2800.0_x64__qbz5n2kfra8p0\Lib\contextlib.py:478: in _exit_wrapper
    callback(*args, **kwds)
venv_test\Lib\site-packages\starlette\testclient.py:692: in wait_shutdown
    portal.call(self.wait_shutdown)
venv_test\Lib\site-packages\anyio\from_thread.py:334: in call
    return cast(T_Retval, self.start_task_soon(func, *args).result())
                          ^^^^^^^^^^^^^^^^^^^^^^^^^^^^^^^^^^^^^^^^^^
C:\Program Files\WindowsApps\PythonSoftwareFoundation.Python.3.12_3.12.2800.0_x64__qbz5n2kfra8p0\Lib\concurrent\futures\_base.py:456: in result
    return self.__get_result()
           ^^^^^^^^^^^^^^^^^^^
C:\Program Files\WindowsApps\PythonSoftwareFoundation.Python.3.12_3.12.2800.0_x64__qbz5n2kfra8p0\Lib\concurrent\futures\_base.py:401: in __get_result
    raise self._exception
venv_test\Lib\site-packages\anyio\from_thread.py:259: in _call_func
    retval = await retval_or_awaitable
             ^^^^^^^^^^^^^^^^^^^^^^^^^
venv_test\Lib\site-packages\starlette\testclient.py:739: in wait_shutdown
    await receive()
venv_test\Lib\site-packages\starlette\testclient.py:729: in receive
    self.task.result()
C:\Program Files\WindowsApps\PythonSoftwareFoundation.Python.3.12_3.12.2800.0_x64__qbz5n2kfra8p0\Lib\concurrent\futures\_base.py:447: in result
    raise CancelledError()
E   concurrent.futures._base.CancelledError
----------------------------- Captured log setup ------------------------------
INFO     orchestrator:main.py:35 Starting Repo Orchestrator...
------------------------------ Captured log call ------------------------------
INFO     httpx:_client.py:1025 HTTP Request: GET http://testserver/search?q=query "HTTP/1.1 200 OK"
---------------------------- Captured log teardown ----------------------------
INFO     orchestrator:main.py:52 Shutting down Repo Orchestrator...
___________________ ERROR at teardown of test_diff_success ____________________
tests\unit\test_routes.py:21: in client
    with TestClient(app) as c:
         ^^^^^^^^^^^^^^^
venv_test\Lib\site-packages\starlette\testclient.py:699: in __exit__
    self.exit_stack.close()
C:\Program Files\WindowsApps\PythonSoftwareFoundation.Python.3.12_3.12.2800.0_x64__qbz5n2kfra8p0\Lib\contextlib.py:618: in close
    self.__exit__(None, None, None)
C:\Program Files\WindowsApps\PythonSoftwareFoundation.Python.3.12_3.12.2800.0_x64__qbz5n2kfra8p0\Lib\contextlib.py:610: in __exit__
    raise exc_details[1]
C:\Program Files\WindowsApps\PythonSoftwareFoundation.Python.3.12_3.12.2800.0_x64__qbz5n2kfra8p0\Lib\contextlib.py:595: in __exit__
    if cb(*exc_details):
       ^^^^^^^^^^^^^^^^
C:\Program Files\WindowsApps\PythonSoftwareFoundation.Python.3.12_3.12.2800.0_x64__qbz5n2kfra8p0\Lib\contextlib.py:478: in _exit_wrapper
    callback(*args, **kwds)
venv_test\Lib\site-packages\starlette\testclient.py:692: in wait_shutdown
    portal.call(self.wait_shutdown)
venv_test\Lib\site-packages\anyio\from_thread.py:334: in call
    return cast(T_Retval, self.start_task_soon(func, *args).result())
                          ^^^^^^^^^^^^^^^^^^^^^^^^^^^^^^^^^^^^^^^^^^
C:\Program Files\WindowsApps\PythonSoftwareFoundation.Python.3.12_3.12.2800.0_x64__qbz5n2kfra8p0\Lib\concurrent\futures\_base.py:456: in result
    return self.__get_result()
           ^^^^^^^^^^^^^^^^^^^
C:\Program Files\WindowsApps\PythonSoftwareFoundation.Python.3.12_3.12.2800.0_x64__qbz5n2kfra8p0\Lib\concurrent\futures\_base.py:401: in __get_result
    raise self._exception
venv_test\Lib\site-packages\anyio\from_thread.py:259: in _call_func
    retval = await retval_or_awaitable
             ^^^^^^^^^^^^^^^^^^^^^^^^^
venv_test\Lib\site-packages\starlette\testclient.py:739: in wait_shutdown
    await receive()
venv_test\Lib\site-packages\starlette\testclient.py:729: in receive
    self.task.result()
C:\Program Files\WindowsApps\PythonSoftwareFoundation.Python.3.12_3.12.2800.0_x64__qbz5n2kfra8p0\Lib\concurrent\futures\_base.py:447: in result
    raise CancelledError()
E   concurrent.futures._base.CancelledError
----------------------------- Captured log setup ------------------------------
INFO     orchestrator:main.py:35 Starting Repo Orchestrator...
------------------------------ Captured log call ------------------------------
INFO     httpx:_client.py:1025 HTTP Request: GET http://testserver/diff "HTTP/1.1 200 OK"
---------------------------- Captured log teardown ----------------------------
INFO     orchestrator:main.py:52 Shutting down Repo Orchestrator...
__________________ ERROR at teardown of test_diff_truncated ___________________
tests\unit\test_routes.py:21: in client
    with TestClient(app) as c:
         ^^^^^^^^^^^^^^^
venv_test\Lib\site-packages\starlette\testclient.py:699: in __exit__
    self.exit_stack.close()
C:\Program Files\WindowsApps\PythonSoftwareFoundation.Python.3.12_3.12.2800.0_x64__qbz5n2kfra8p0\Lib\contextlib.py:618: in close
    self.__exit__(None, None, None)
C:\Program Files\WindowsApps\PythonSoftwareFoundation.Python.3.12_3.12.2800.0_x64__qbz5n2kfra8p0\Lib\contextlib.py:610: in __exit__
    raise exc_details[1]
C:\Program Files\WindowsApps\PythonSoftwareFoundation.Python.3.12_3.12.2800.0_x64__qbz5n2kfra8p0\Lib\contextlib.py:595: in __exit__
    if cb(*exc_details):
       ^^^^^^^^^^^^^^^^
C:\Program Files\WindowsApps\PythonSoftwareFoundation.Python.3.12_3.12.2800.0_x64__qbz5n2kfra8p0\Lib\contextlib.py:478: in _exit_wrapper
    callback(*args, **kwds)
venv_test\Lib\site-packages\starlette\testclient.py:692: in wait_shutdown
    portal.call(self.wait_shutdown)
venv_test\Lib\site-packages\anyio\from_thread.py:334: in call
    return cast(T_Retval, self.start_task_soon(func, *args).result())
                          ^^^^^^^^^^^^^^^^^^^^^^^^^^^^^^^^^^^^^^^^^^
C:\Program Files\WindowsApps\PythonSoftwareFoundation.Python.3.12_3.12.2800.0_x64__qbz5n2kfra8p0\Lib\concurrent\futures\_base.py:456: in result
    return self.__get_result()
           ^^^^^^^^^^^^^^^^^^^
C:\Program Files\WindowsApps\PythonSoftwareFoundation.Python.3.12_3.12.2800.0_x64__qbz5n2kfra8p0\Lib\concurrent\futures\_base.py:401: in __get_result
    raise self._exception
venv_test\Lib\site-packages\anyio\from_thread.py:259: in _call_func
    retval = await retval_or_awaitable
             ^^^^^^^^^^^^^^^^^^^^^^^^^
venv_test\Lib\site-packages\starlette\testclient.py:739: in wait_shutdown
    await receive()
venv_test\Lib\site-packages\starlette\testclient.py:729: in receive
    self.task.result()
C:\Program Files\WindowsApps\PythonSoftwareFoundation.Python.3.12_3.12.2800.0_x64__qbz5n2kfra8p0\Lib\concurrent\futures\_base.py:447: in result
    raise CancelledError()
E   concurrent.futures._base.CancelledError
----------------------------- Captured log setup ------------------------------
INFO     orchestrator:main.py:35 Starting Repo Orchestrator...
------------------------------ Captured log call ------------------------------
INFO     httpx:_client.py:1025 HTTP Request: GET http://testserver/diff "HTTP/1.1 200 OK"
---------------------------- Captured log teardown ----------------------------
INFO     orchestrator:main.py:52 Shutting down Repo Orchestrator...
____________________ ERROR at teardown of test_diff_error _____________________
tests\unit\test_routes.py:21: in client
    with TestClient(app) as c:
         ^^^^^^^^^^^^^^^
venv_test\Lib\site-packages\starlette\testclient.py:699: in __exit__
    self.exit_stack.close()
C:\Program Files\WindowsApps\PythonSoftwareFoundation.Python.3.12_3.12.2800.0_x64__qbz5n2kfra8p0\Lib\contextlib.py:618: in close
    self.__exit__(None, None, None)
C:\Program Files\WindowsApps\PythonSoftwareFoundation.Python.3.12_3.12.2800.0_x64__qbz5n2kfra8p0\Lib\contextlib.py:610: in __exit__
    raise exc_details[1]
C:\Program Files\WindowsApps\PythonSoftwareFoundation.Python.3.12_3.12.2800.0_x64__qbz5n2kfra8p0\Lib\contextlib.py:595: in __exit__
    if cb(*exc_details):
       ^^^^^^^^^^^^^^^^
C:\Program Files\WindowsApps\PythonSoftwareFoundation.Python.3.12_3.12.2800.0_x64__qbz5n2kfra8p0\Lib\contextlib.py:478: in _exit_wrapper
    callback(*args, **kwds)
venv_test\Lib\site-packages\starlette\testclient.py:692: in wait_shutdown
    portal.call(self.wait_shutdown)
venv_test\Lib\site-packages\anyio\from_thread.py:334: in call
    return cast(T_Retval, self.start_task_soon(func, *args).result())
                          ^^^^^^^^^^^^^^^^^^^^^^^^^^^^^^^^^^^^^^^^^^
C:\Program Files\WindowsApps\PythonSoftwareFoundation.Python.3.12_3.12.2800.0_x64__qbz5n2kfra8p0\Lib\concurrent\futures\_base.py:456: in result
    return self.__get_result()
           ^^^^^^^^^^^^^^^^^^^
C:\Program Files\WindowsApps\PythonSoftwareFoundation.Python.3.12_3.12.2800.0_x64__qbz5n2kfra8p0\Lib\concurrent\futures\_base.py:401: in __get_result
    raise self._exception
venv_test\Lib\site-packages\anyio\from_thread.py:259: in _call_func
    retval = await retval_or_awaitable
             ^^^^^^^^^^^^^^^^^^^^^^^^^
venv_test\Lib\site-packages\starlette\testclient.py:739: in wait_shutdown
    await receive()
venv_test\Lib\site-packages\starlette\testclient.py:729: in receive
    self.task.result()
C:\Program Files\WindowsApps\PythonSoftwareFoundation.Python.3.12_3.12.2800.0_x64__qbz5n2kfra8p0\Lib\concurrent\futures\_base.py:447: in result
    raise CancelledError()
E   concurrent.futures._base.CancelledError
----------------------------- Captured log setup ------------------------------
INFO     orchestrator:main.py:35 Starting Repo Orchestrator...
------------------------------ Captured log call ------------------------------
INFO     httpx:_client.py:1025 HTTP Request: GET http://testserver/diff "HTTP/1.1 400 Bad Request"
---------------------------- Captured log teardown ----------------------------
INFO     orchestrator:main.py:52 Shutting down Repo Orchestrator...
================================== FAILURES ===================================
____________________________ test_lifespan_events _____________________________
tests\unit\test_main.py:63: in test_lifespan_events
    async with lifespan(app):
               ^^^^^^^^^^^^^
C:\Program Files\WindowsApps\PythonSoftwareFoundation.Python.3.12_3.12.2800.0_x64__qbz5n2kfra8p0\Lib\contextlib.py:217: in __aexit__
    await anext(self.gen)
tools\repo_orchestrator\main.py:55: in lifespan
    await cleanup_task
C:\Program Files\WindowsApps\PythonSoftwareFoundation.Python.3.12_3.12.2800.0_x64__qbz5n2kfra8p0\Lib\unittest\mock.py:2279: in _execute_mock_call
    async def _execute_mock_call(self, /, *args, **kwargs):
E   asyncio.exceptions.CancelledError
------------------------------ Captured log call ------------------------------
INFO     orchestrator:main.py:35 Starting Repo Orchestrator...
INFO     orchestrator:main.py:52 Shutting down Repo Orchestrator...
_______________________________ test_root_route _______________________________
tests\unit\test_main.py:76: in test_root_route
    with TestClient(app) as client:
         ^^^^^^^^^^^^^^^
venv_test\Lib\site-packages\starlette\testclient.py:699: in __exit__
    self.exit_stack.close()
C:\Program Files\WindowsApps\PythonSoftwareFoundation.Python.3.12_3.12.2800.0_x64__qbz5n2kfra8p0\Lib\contextlib.py:618: in close
    self.__exit__(None, None, None)
C:\Program Files\WindowsApps\PythonSoftwareFoundation.Python.3.12_3.12.2800.0_x64__qbz5n2kfra8p0\Lib\contextlib.py:610: in __exit__
    raise exc_details[1]
C:\Program Files\WindowsApps\PythonSoftwareFoundation.Python.3.12_3.12.2800.0_x64__qbz5n2kfra8p0\Lib\contextlib.py:595: in __exit__
    if cb(*exc_details):
       ^^^^^^^^^^^^^^^^
C:\Program Files\WindowsApps\PythonSoftwareFoundation.Python.3.12_3.12.2800.0_x64__qbz5n2kfra8p0\Lib\contextlib.py:478: in _exit_wrapper
    callback(*args, **kwds)
venv_test\Lib\site-packages\starlette\testclient.py:692: in wait_shutdown
    portal.call(self.wait_shutdown)
venv_test\Lib\site-packages\anyio\from_thread.py:334: in call
    return cast(T_Retval, self.start_task_soon(func, *args).result())
                          ^^^^^^^^^^^^^^^^^^^^^^^^^^^^^^^^^^^^^^^^^^
C:\Program Files\WindowsApps\PythonSoftwareFoundation.Python.3.12_3.12.2800.0_x64__qbz5n2kfra8p0\Lib\concurrent\futures\_base.py:456: in result
    return self.__get_result()
           ^^^^^^^^^^^^^^^^^^^
C:\Program Files\WindowsApps\PythonSoftwareFoundation.Python.3.12_3.12.2800.0_x64__qbz5n2kfra8p0\Lib\concurrent\futures\_base.py:401: in __get_result
    raise self._exception
venv_test\Lib\site-packages\anyio\from_thread.py:259: in _call_func
    retval = await retval_or_awaitable
             ^^^^^^^^^^^^^^^^^^^^^^^^^
venv_test\Lib\site-packages\starlette\testclient.py:739: in wait_shutdown
    await receive()
venv_test\Lib\site-packages\starlette\testclient.py:729: in receive
    self.task.result()
C:\Program Files\WindowsApps\PythonSoftwareFoundation.Python.3.12_3.12.2800.0_x64__qbz5n2kfra8p0\Lib\concurrent\futures\_base.py:447: in result
    raise CancelledError()
E   concurrent.futures._base.CancelledError
------------------------------ Captured log call ------------------------------
INFO     orchestrator:main.py:35 Starting Repo Orchestrator...
INFO     httpx:_client.py:1025 HTTP Request: GET http://testserver/ "HTTP/1.1 200 OK"
INFO     orchestrator:main.py:52 Shutting down Repo Orchestrator...
____________ test_lifespan_cleanup_task_cancelled_error_propagates ____________
tests\unit\test_main.py:100: in test_lifespan_cleanup_task_cancelled_error_propagates
    async with lifespan(app):
               ^^^^^^^^^^^^^
C:\Program Files\WindowsApps\PythonSoftwareFoundation.Python.3.12_3.12.2800.0_x64__qbz5n2kfra8p0\Lib\contextlib.py:217: in __aexit__
    await anext(self.gen)
tools\repo_orchestrator\main.py:55: in lifespan
    await cleanup_task
C:\Program Files\WindowsApps\PythonSoftwareFoundation.Python.3.12_3.12.2800.0_x64__qbz5n2kfra8p0\Lib\unittest\mock.py:2279: in _execute_mock_call
    async def _execute_mock_call(self, /, *args, **kwargs):
E   asyncio.exceptions.CancelledError
------------------------------ Captured log call ------------------------------
INFO     orchestrator:main.py:35 Starting Repo Orchestrator...
INFO     orchestrator:main.py:52 Shutting down Repo Orchestrator...
=========================== short test summary info ===========================
FAILED tests/unit/test_main.py::test_lifespan_events - asyncio.exceptions.Can...
FAILED tests/unit/test_main.py::test_root_route - concurrent.futures._base.Ca...
FAILED tests/unit/test_main.py::test_lifespan_cleanup_task_cancelled_error_propagates
ERROR tests/unit/test_main.py::test_panic_catcher_middleware - concurrent.fut...
ERROR tests/unit/test_main.py::test_panic_mode_check_middleware - concurrent....
ERROR tests/unit/test_main.py::test_allow_options_preflight - concurrent.futu...
ERROR tests/unit/test_routes.py::test_get_status - concurrent.futures._base.C...
ERROR tests/unit/test_routes.py::test_get_ui_status - concurrent.futures._bas...
ERROR tests/unit/test_routes.py::test_get_ui_audit - concurrent.futures._base...
ERROR tests/unit/test_routes.py::test_get_ui_allowlist - concurrent.futures._...
ERROR tests/unit/test_routes.py::test_list_repos - concurrent.futures._base.C...
ERROR tests/unit/test_routes.py::test_get_active_repo - concurrent.futures._b...
ERROR tests/unit/test_routes.py::test_open_repo_success - concurrent.futures....
ERROR tests/unit/test_routes.py::test_open_repo_fail_outside - concurrent.fut...
ERROR tests/unit/test_routes.py::test_open_repo_fail_not_found - concurrent.f...
ERROR tests/unit/test_routes.py::test_select_repo_success - concurrent.future...
ERROR tests/unit/test_routes.py::test_select_repo_fail_outside - concurrent.f...
ERROR tests/unit/test_routes.py::test_select_repo_fail_not_found - concurrent...
ERROR tests/unit/test_routes.py::test_get_security_events - concurrent.future...
ERROR tests/unit/test_routes.py::test_security_resolve_success - concurrent.f...
ERROR tests/unit/test_routes.py::test_security_resolve_invalid - concurrent.f...
ERROR tests/unit/test_routes.py::test_get_service_status - concurrent.futures...
ERROR tests/unit/test_routes.py::test_service_restart_success - concurrent.fu...
ERROR tests/unit/test_routes.py::test_service_restart_fail - concurrent.futur...
ERROR tests/unit/test_routes.py::test_service_stop_success - concurrent.futur...
ERROR tests/unit/test_routes.py::test_service_stop_fail - concurrent.futures....
ERROR tests/unit/test_routes.py::test_vitaminize_repo_success - concurrent.fu...
ERROR tests/unit/test_routes.py::test_vitaminize_repo_fail_outside - concurre...
ERROR tests/unit/test_routes.py::test_vitaminize_repo_fail_not_found - concur...
ERROR tests/unit/test_routes.py::test_get_tree_success - concurrent.futures._...
ERROR tests/unit/test_routes.py::test_get_tree_allowlist_branch - concurrent....
ERROR tests/unit/test_routes.py::test_get_tree_not_dir - concurrent.futures._...
ERROR tests/unit/test_routes.py::test_get_file_success - concurrent.futures._...
ERROR tests/unit/test_routes.py::test_get_file_too_large - concurrent.futures...
ERROR tests/unit/test_routes.py::test_get_file_not_file - concurrent.futures....
ERROR tests/unit/test_routes.py::test_get_file_exception - concurrent.futures...
ERROR tests/unit/test_routes.py::test_search - concurrent.futures._base.Cance...
ERROR tests/unit/test_routes.py::test_diff_success - concurrent.futures._base...
ERROR tests/unit/test_routes.py::test_diff_truncated - concurrent.futures._ba...
ERROR tests/unit/test_routes.py::test_diff_error - concurrent.futures._base.C...
================== 3 failed, 128 passed, 37 errors in 4.71s ===================
